[2024-11-15T08:48:43.269+0000][gc,init] CardTable entry size: 512
[2024-11-15T08:48:43.269+0000][gc     ] Using G1
[2024-11-15T08:48:43.279+0000][gc,init] Version: 21.0.4+7-LTS (release)
[2024-11-15T08:48:43.280+0000][gc,init] CPUs: 2 total, 2 available
[2024-11-15T08:48:43.280+0000][gc,init] Memory: 7929M
[2024-11-15T08:48:43.280+0000][gc,init] Large Page Support: Disabled
[2024-11-15T08:48:43.280+0000][gc,init] NUMA Support: Disabled
[2024-11-15T08:48:43.280+0000][gc,init] Compressed Oops: Enabled (32-bit)
[2024-11-15T08:48:43.280+0000][gc,init] Heap Region Size: 1M
[2024-11-15T08:48:43.280+0000][gc,init] Heap Min Capacity: 1G
[2024-11-15T08:48:43.280+0000][gc,init] Heap Initial Capacity: 1G
[2024-11-15T08:48:43.280+0000][gc,init] Heap Max Capacity: 1G
[2024-11-15T08:48:43.280+0000][gc,init] Pre-touch: Disabled
[2024-11-15T08:48:43.280+0000][gc,init] Parallel Workers: 2
[2024-11-15T08:48:43.280+0000][gc,init] Concurrent Workers: 1
[2024-11-15T08:48:43.280+0000][gc,init] Concurrent Refinement Workers: 2
[2024-11-15T08:48:43.280+0000][gc,init] Periodic GC: Disabled
[2024-11-15T08:48:43.287+0000][gc,metaspace] CDS archive(s) mapped at: [0x000071a357000000-0x000071a357cae000-0x000071a357cae000), size 13295616, SharedBaseAddress: 0x000071a357000000, ArchiveRelocationMode: 1.
[2024-11-15T08:48:43.287+0000][gc,metaspace] Compressed class space mapped at: 0x000071a358000000-0x000071a398000000, reserved size: 1073741824
[2024-11-15T08:48:43.287+0000][gc,metaspace] Narrow klass base: 0x000071a357000000, Narrow klass shift: 0, Narrow klass range: 0x100000000
[2024-11-15T08:48:44.778+0000][gc,start    ] GC(0) Pause Young (Normal) (GCLocker Initiated GC)
[2024-11-15T08:48:44.778+0000][gc,task     ] GC(0) Using 2 workers of 2 for evacuation
[2024-11-15T08:48:44.786+0000][gc,phases   ] GC(0)   Pre Evacuate Collection Set: 0.1ms
[2024-11-15T08:48:44.786+0000][gc,phases   ] GC(0)   Merge Heap Roots: 0.1ms
[2024-11-15T08:48:44.786+0000][gc,phases   ] GC(0)   Evacuate Collection Set: 6.8ms
[2024-11-15T08:48:44.786+0000][gc,phases   ] GC(0)   Post Evacuate Collection Set: 0.4ms
[2024-11-15T08:48:44.786+0000][gc,phases   ] GC(0)   Other: 0.3ms
[2024-11-15T08:48:44.786+0000][gc,heap     ] GC(0) Eden regions: 51->0(44)
[2024-11-15T08:48:44.786+0000][gc,heap     ] GC(0) Survivor regions: 0->7(7)
[2024-11-15T08:48:44.786+0000][gc,heap     ] GC(0) Old regions: 2->2
[2024-11-15T08:48:44.786+0000][gc,heap     ] GC(0) Humongous regions: 0->0
[2024-11-15T08:48:44.786+0000][gc,metaspace] GC(0) Metaspace: 19818K(20032K)->19818K(20032K) NonClass: 17269K(17408K)->17269K(17408K) Class: 2549K(2624K)->2549K(2624K)
[2024-11-15T08:48:44.786+0000][gc          ] GC(0) Pause Young (Normal) (GCLocker Initiated GC) 52M->8M(1024M) 8.080ms
[2024-11-15T08:48:44.786+0000][gc,cpu      ] GC(0) User=0.01s Sys=0.00s Real=0.01s
[2024-11-15T08:48:44.908+0000][gc,start    ] GC(1) Pause Young (Concurrent Start) (Metadata GC Threshold)
[2024-11-15T08:48:44.908+0000][gc,task     ] GC(1) Using 2 workers of 2 for evacuation
[2024-11-15T08:48:44.925+0000][gc,phases   ] GC(1)   Pre Evacuate Collection Set: 0.1ms
[2024-11-15T08:48:44.925+0000][gc,phases   ] GC(1)   Merge Heap Roots: 0.0ms
[2024-11-15T08:48:44.925+0000][gc,phases   ] GC(1)   Evacuate Collection Set: 15.6ms
[2024-11-15T08:48:44.925+0000][gc,phases   ] GC(1)   Post Evacuate Collection Set: 0.4ms
[2024-11-15T08:48:44.925+0000][gc,phases   ] GC(1)   Other: 0.1ms
[2024-11-15T08:48:44.925+0000][gc,heap     ] GC(1) Eden regions: 8->0(49)
[2024-11-15T08:48:44.925+0000][gc,heap     ] GC(1) Survivor regions: 7->2(7)
[2024-11-15T08:48:44.925+0000][gc,heap     ] GC(1) Old regions: 2->9
[2024-11-15T08:48:44.925+0000][gc,heap     ] GC(1) Humongous regions: 129->129
[2024-11-15T08:48:44.925+0000][gc,metaspace] GC(1) Metaspace: 21251K(21504K)->21251K(21504K) NonClass: 18505K(18624K)->18505K(18624K) Class: 2746K(2880K)->2746K(2880K)
[2024-11-15T08:48:44.925+0000][gc          ] GC(1) Pause Young (Concurrent Start) (Metadata GC Threshold) 144M->138M(1024M) 16.510ms
[2024-11-15T08:48:44.925+0000][gc,cpu      ] GC(1) User=0.01s Sys=0.01s Real=0.01s
[2024-11-15T08:48:44.925+0000][gc          ] GC(2) Concurrent Mark Cycle
[2024-11-15T08:48:44.926+0000][gc,marking  ] GC(2) Concurrent Scan Root Regions
[2024-11-15T08:48:44.934+0000][gc,marking  ] GC(2) Concurrent Scan Root Regions 8.219ms
[2024-11-15T08:48:44.934+0000][gc,marking  ] GC(2) Concurrent Mark
[2024-11-15T08:48:44.934+0000][gc,marking  ] GC(2) Concurrent Mark From Roots
[2024-11-15T08:48:44.934+0000][gc,task     ] GC(2) Using 1 workers of 1 for marking
[2024-11-15T08:48:44.936+0000][gc,marking  ] GC(2) Concurrent Mark From Roots 2.339ms
[2024-11-15T08:48:44.937+0000][gc,marking  ] GC(2) Concurrent Preclean
[2024-11-15T08:48:44.937+0000][gc,marking  ] GC(2) Concurrent Preclean 0.027ms
[2024-11-15T08:48:44.938+0000][gc,start    ] GC(2) Pause Remark
[2024-11-15T08:48:44.942+0000][gc          ] GC(2) Pause Remark 139M->139M(1024M) 4.407ms
[2024-11-15T08:48:44.942+0000][gc,cpu      ] GC(2) User=0.01s Sys=0.00s Real=0.01s
[2024-11-15T08:48:44.942+0000][gc,marking  ] GC(2) Concurrent Mark 8.147ms
[2024-11-15T08:48:44.942+0000][gc,marking  ] GC(2) Concurrent Rebuild Remembered Sets and Scrub Regions
[2024-11-15T08:48:44.973+0000][gc,marking  ] GC(2) Concurrent Rebuild Remembered Sets and Scrub Regions 31.067ms
[2024-11-15T08:48:44.974+0000][gc,start    ] GC(2) Pause Cleanup
[2024-11-15T08:48:44.974+0000][gc          ] GC(2) Pause Cleanup 139M->139M(1024M) 0.219ms
[2024-11-15T08:48:44.974+0000][gc,cpu      ] GC(2) User=0.00s Sys=0.00s Real=0.00s
[2024-11-15T08:48:44.974+0000][gc,marking  ] GC(2) Concurrent Clear Claimed Marks
[2024-11-15T08:48:44.974+0000][gc,marking  ] GC(2) Concurrent Clear Claimed Marks 0.022ms
[2024-11-15T08:48:44.974+0000][gc,marking  ] GC(2) Concurrent Cleanup for Next Mark
[2024-11-15T08:48:45.005+0000][gc,marking  ] GC(2) Concurrent Cleanup for Next Mark 31.159ms
[2024-11-15T08:48:45.006+0000][gc          ] GC(2) Concurrent Mark Cycle 80.676ms
[2024-11-15T08:54:36.129+0000][gc,start    ] GC(3) Pause Young (Prepare Mixed) (G1 Evacuation Pause)
[2024-11-15T08:54:36.129+0000][gc,task     ] GC(3) Using 2 workers of 2 for evacuation
[2024-11-15T08:54:36.135+0000][gc,phases   ] GC(3)   Pre Evacuate Collection Set: 0.2ms
[2024-11-15T08:54:36.135+0000][gc,phases   ] GC(3)   Merge Heap Roots: 0.1ms
[2024-11-15T08:54:36.135+0000][gc,phases   ] GC(3)   Evacuate Collection Set: 5.5ms
[2024-11-15T08:54:36.135+0000][gc,phases   ] GC(3)   Post Evacuate Collection Set: 0.4ms
[2024-11-15T08:54:36.135+0000][gc,phases   ] GC(3)   Other: 0.1ms
[2024-11-15T08:54:36.135+0000][gc,heap     ] GC(3) Eden regions: 49->0(46)
[2024-11-15T08:54:36.135+0000][gc,heap     ] GC(3) Survivor regions: 2->5(7)
[2024-11-15T08:54:36.135+0000][gc,heap     ] GC(3) Old regions: 9->9
[2024-11-15T08:54:36.135+0000][gc,heap     ] GC(3) Humongous regions: 129->129
[2024-11-15T08:54:36.135+0000][gc,metaspace] GC(3) Metaspace: 33187K(33472K)->33187K(33472K) NonClass: 29364K(29504K)->29364K(29504K) Class: 3823K(3968K)->3823K(3968K)
[2024-11-15T08:54:36.135+0000][gc          ] GC(3) Pause Young (Prepare Mixed) (G1 Evacuation Pause) 187M->142M(1024M) 6.568ms
[2024-11-15T08:54:36.136+0000][gc,cpu      ] GC(3) User=0.01s Sys=0.00s Real=0.00s
[2024-11-15T09:22:31.030+0000][gc,heap,exit] Heap
[2024-11-15T09:22:31.030+0000][gc,heap,exit]  garbage-first heap   total 1048576K, used 164549K [0x00000000c0000000, 0x0000000100000000)
[2024-11-15T09:22:31.030+0000][gc,heap,exit]   region size 1024K, 24 young (24576K), 5 survivors (5120K)
[2024-11-15T09:22:31.030+0000][gc,heap,exit]  Metaspace       used 33951K, committed 34240K, reserved 1114112K
[2024-11-15T09:22:31.030+0000][gc,heap,exit]   class space    used 3945K, committed 4096K, reserved 1048576K
