[2024-11-14T13:00:56.902+0000][gc,init] CardTable entry size: 512
[2024-11-14T13:00:56.902+0000][gc     ] Using G1
[2024-11-14T13:00:56.908+0000][gc,init] Version: 21.0.4+7-LTS (release)
[2024-11-14T13:00:56.908+0000][gc,init] CPUs: 2 total, 2 available
[2024-11-14T13:00:56.908+0000][gc,init] Memory: 7928M
[2024-11-14T13:00:56.908+0000][gc,init] Large Page Support: Disabled
[2024-11-14T13:00:56.908+0000][gc,init] NUMA Support: Disabled
[2024-11-14T13:00:56.908+0000][gc,init] Compressed Oops: Enabled (32-bit)
[2024-11-14T13:00:56.908+0000][gc,init] Heap Region Size: 1M
[2024-11-14T13:00:56.908+0000][gc,init] Heap Min Capacity: 1G
[2024-11-14T13:00:56.908+0000][gc,init] Heap Initial Capacity: 1G
[2024-11-14T13:00:56.908+0000][gc,init] Heap Max Capacity: 1G
[2024-11-14T13:00:56.908+0000][gc,init] Pre-touch: Disabled
[2024-11-14T13:00:56.908+0000][gc,init] Parallel Workers: 2
[2024-11-14T13:00:56.908+0000][gc,init] Concurrent Workers: 1
[2024-11-14T13:00:56.908+0000][gc,init] Concurrent Refinement Workers: 2
[2024-11-14T13:00:56.908+0000][gc,init] Periodic GC: Disabled
[2024-11-14T13:00:56.914+0000][gc,metaspace] CDS archive(s) mapped at: [0x00007300b7000000-0x00007300b7cae000-0x00007300b7cae000), size 13295616, SharedBaseAddress: 0x00007300b7000000, ArchiveRelocationMode: 1.
[2024-11-14T13:00:56.914+0000][gc,metaspace] Compressed class space mapped at: 0x00007300b8000000-0x00007300f8000000, reserved size: 1073741824
[2024-11-14T13:00:56.914+0000][gc,metaspace] Narrow klass base: 0x00007300b7000000, Narrow klass shift: 0, Narrow klass range: 0x100000000
[2024-11-14T13:00:58.338+0000][gc,start    ] GC(0) Pause Young (Normal) (G1 Evacuation Pause)
[2024-11-14T13:00:58.339+0000][gc,task     ] GC(0) Using 2 workers of 2 for evacuation
[2024-11-14T13:00:58.365+0000][gc,mmu      ] GC(0) MMU target violated: 21.0ms (20.0ms/21.0ms)
[2024-11-14T13:00:58.365+0000][gc,phases   ] GC(0)   Pre Evacuate Collection Set: 0.2ms
[2024-11-14T13:00:58.365+0000][gc,phases   ] GC(0)   Merge Heap Roots: 0.0ms
[2024-11-14T13:00:58.365+0000][gc,phases   ] GC(0)   Evacuate Collection Set: 16.2ms
[2024-11-14T13:00:58.365+0000][gc,phases   ] GC(0)   Post Evacuate Collection Set: 9.6ms
[2024-11-14T13:00:58.365+0000][gc,phases   ] GC(0)   Other: 0.3ms
[2024-11-14T13:00:58.365+0000][gc,heap     ] GC(0) Eden regions: 51->0(44)
[2024-11-14T13:00:58.365+0000][gc,heap     ] GC(0) Survivor regions: 0->7(7)
[2024-11-14T13:00:58.365+0000][gc,heap     ] GC(0) Old regions: 2->2
[2024-11-14T13:00:58.365+0000][gc,heap     ] GC(0) Humongous regions: 0->0
[2024-11-14T13:00:58.365+0000][gc,metaspace] GC(0) Metaspace: 19827K(20032K)->19827K(20032K) NonClass: 17277K(17408K)->17277K(17408K) Class: 2550K(2624K)->2550K(2624K)
[2024-11-14T13:00:58.365+0000][gc          ] GC(0) Pause Young (Normal) (G1 Evacuation Pause) 52M->8M(1024M) 26.671ms
[2024-11-14T13:00:58.365+0000][gc,cpu      ] GC(0) User=0.03s Sys=0.01s Real=0.03s
[2024-11-14T13:00:58.534+0000][gc,start    ] GC(1) Pause Young (Concurrent Start) (Metadata GC Threshold)
[2024-11-14T13:00:58.535+0000][gc,task     ] GC(1) Using 2 workers of 2 for evacuation
[2024-11-14T13:00:58.543+0000][gc,phases   ] GC(1)   Pre Evacuate Collection Set: 0.3ms
[2024-11-14T13:00:58.543+0000][gc,phases   ] GC(1)   Merge Heap Roots: 0.0ms
[2024-11-14T13:00:58.543+0000][gc,phases   ] GC(1)   Evacuate Collection Set: 7.3ms
[2024-11-14T13:00:58.543+0000][gc,phases   ] GC(1)   Post Evacuate Collection Set: 0.5ms
[2024-11-14T13:00:58.543+0000][gc,phases   ] GC(1)   Other: 0.1ms
[2024-11-14T13:00:58.543+0000][gc,heap     ] GC(1) Eden regions: 6->0(49)
[2024-11-14T13:00:58.543+0000][gc,heap     ] GC(1) Survivor regions: 7->2(7)
[2024-11-14T13:00:58.543+0000][gc,heap     ] GC(1) Old regions: 2->9
[2024-11-14T13:00:58.543+0000][gc,heap     ] GC(1) Humongous regions: 129->129
[2024-11-14T13:00:58.543+0000][gc,metaspace] GC(1) Metaspace: 21268K(21504K)->21268K(21504K) NonClass: 18522K(18688K)->18522K(18688K) Class: 2745K(2816K)->2745K(2816K)
[2024-11-14T13:00:58.543+0000][gc          ] GC(1) Pause Young (Concurrent Start) (Metadata GC Threshold) 143M->138M(1024M) 8.391ms
[2024-11-14T13:00:58.543+0000][gc,cpu      ] GC(1) User=0.02s Sys=0.00s Real=0.01s
[2024-11-14T13:00:58.543+0000][gc          ] GC(2) Concurrent Mark Cycle
[2024-11-14T13:00:58.543+0000][gc,marking  ] GC(2) Concurrent Scan Root Regions
[2024-11-14T13:00:58.547+0000][gc,marking  ] GC(2) Concurrent Scan Root Regions 4.131ms
[2024-11-14T13:00:58.547+0000][gc,marking  ] GC(2) Concurrent Mark
[2024-11-14T13:00:58.547+0000][gc,marking  ] GC(2) Concurrent Mark From Roots
[2024-11-14T13:00:58.547+0000][gc,task     ] GC(2) Using 1 workers of 1 for marking
[2024-11-14T13:00:58.549+0000][gc,marking  ] GC(2) Concurrent Mark From Roots 1.851ms
[2024-11-14T13:00:58.549+0000][gc,marking  ] GC(2) Concurrent Preclean
[2024-11-14T13:00:58.549+0000][gc,marking  ] GC(2) Concurrent Preclean 0.019ms
[2024-11-14T13:00:58.549+0000][gc,start    ] GC(2) Pause Remark
[2024-11-14T13:00:58.551+0000][gc          ] GC(2) Pause Remark 138M->138M(1024M) 2.163ms
[2024-11-14T13:00:58.551+0000][gc,cpu      ] GC(2) User=0.00s Sys=0.00s Real=0.00s
[2024-11-14T13:00:58.551+0000][gc,marking  ] GC(2) Concurrent Mark 4.321ms
[2024-11-14T13:00:58.551+0000][gc,marking  ] GC(2) Concurrent Rebuild Remembered Sets and Scrub Regions
[2024-11-14T13:00:58.555+0000][gc,marking  ] GC(2) Concurrent Rebuild Remembered Sets and Scrub Regions 3.559ms
[2024-11-14T13:00:58.555+0000][gc,start    ] GC(2) Pause Cleanup
[2024-11-14T13:00:58.555+0000][gc          ] GC(2) Pause Cleanup 138M->138M(1024M) 0.160ms
[2024-11-14T13:00:58.555+0000][gc,cpu      ] GC(2) User=0.00s Sys=0.00s Real=0.00s
[2024-11-14T13:00:58.556+0000][gc,marking  ] GC(2) Concurrent Clear Claimed Marks
[2024-11-14T13:00:58.556+0000][gc,marking  ] GC(2) Concurrent Clear Claimed Marks 0.027ms
[2024-11-14T13:00:58.556+0000][gc,marking  ] GC(2) Concurrent Cleanup for Next Mark
[2024-11-14T13:00:58.567+0000][gc,marking  ] GC(2) Concurrent Cleanup for Next Mark 11.723ms
[2024-11-14T13:00:58.567+0000][gc          ] GC(2) Concurrent Mark Cycle 24.455ms
[2024-11-14T13:01:04.441+0000][gc,start    ] GC(3) Pause Young (Prepare Mixed) (G1 Evacuation Pause)
[2024-11-14T13:01:04.441+0000][gc,task     ] GC(3) Using 2 workers of 2 for evacuation
[2024-11-14T13:01:04.449+0000][gc,phases   ] GC(3)   Pre Evacuate Collection Set: 0.2ms
[2024-11-14T13:01:04.449+0000][gc,phases   ] GC(3)   Merge Heap Roots: 0.1ms
[2024-11-14T13:01:04.449+0000][gc,phases   ] GC(3)   Evacuate Collection Set: 6.8ms
[2024-11-14T13:01:04.449+0000][gc,phases   ] GC(3)   Post Evacuate Collection Set: 0.5ms
[2024-11-14T13:01:04.449+0000][gc,phases   ] GC(3)   Other: 0.1ms
[2024-11-14T13:01:04.449+0000][gc,heap     ] GC(3) Eden regions: 49->0(45)
[2024-11-14T13:01:04.449+0000][gc,heap     ] GC(3) Survivor regions: 2->6(7)
[2024-11-14T13:01:04.449+0000][gc,heap     ] GC(3) Old regions: 9->9
[2024-11-14T13:01:04.449+0000][gc,heap     ] GC(3) Humongous regions: 129->129
[2024-11-14T13:01:04.449+0000][gc,metaspace] GC(3) Metaspace: 33626K(33920K)->33626K(33920K) NonClass: 29660K(29824K)->29660K(29824K) Class: 3966K(4096K)->3966K(4096K)
[2024-11-14T13:01:04.449+0000][gc          ] GC(3) Pause Young (Prepare Mixed) (G1 Evacuation Pause) 187M->142M(1024M) 7.772ms
[2024-11-14T13:01:04.449+0000][gc,cpu      ] GC(3) User=0.02s Sys=0.00s Real=0.01s
[2024-11-14T13:01:09.170+0000][gc,start    ] GC(4) Pause Young (Mixed) (Metadata GC Threshold)
[2024-11-14T13:01:09.170+0000][gc,task     ] GC(4) Using 2 workers of 2 for evacuation
[2024-11-14T13:01:09.177+0000][gc,phases   ] GC(4)   Pre Evacuate Collection Set: 0.2ms
[2024-11-14T13:01:09.177+0000][gc,phases   ] GC(4)   Merge Heap Roots: 0.0ms
[2024-11-14T13:01:09.177+0000][gc,phases   ] GC(4)   Evacuate Collection Set: 7.0ms
[2024-11-14T13:01:09.177+0000][gc,phases   ] GC(4)   Post Evacuate Collection Set: 0.4ms
[2024-11-14T13:01:09.177+0000][gc,phases   ] GC(4)   Other: 0.1ms
[2024-11-14T13:01:09.178+0000][gc,heap     ] GC(4) Eden regions: 9->0(50)
[2024-11-14T13:01:09.178+0000][gc,heap     ] GC(4) Survivor regions: 6->1(7)
[2024-11-14T13:01:09.178+0000][gc,heap     ] GC(4) Old regions: 9->13
[2024-11-14T13:01:09.178+0000][gc,heap     ] GC(4) Humongous regions: 129->129
[2024-11-14T13:01:09.178+0000][gc,metaspace] GC(4) Metaspace: 35548K(35968K)->35548K(35968K) NonClass: 31319K(31552K)->31319K(31552K) Class: 4228K(4416K)->4228K(4416K)
[2024-11-14T13:01:09.178+0000][gc          ] GC(4) Pause Young (Mixed) (Metadata GC Threshold) 150M->142M(1024M) 8.073ms
[2024-11-14T13:01:09.178+0000][gc,cpu      ] GC(4) User=0.01s Sys=0.01s Real=0.01s
[2024-11-14T13:01:12.999+0000][gc,start    ] GC(5) Pause Young (Concurrent Start) (Metadata GC Threshold)
[2024-11-14T13:01:12.999+0000][gc,task     ] GC(5) Using 2 workers of 2 for evacuation
[2024-11-14T13:01:13.001+0000][gc,phases   ] GC(5)   Pre Evacuate Collection Set: 0.2ms
[2024-11-14T13:01:13.001+0000][gc,phases   ] GC(5)   Merge Heap Roots: 0.0ms
[2024-11-14T13:01:13.001+0000][gc,phases   ] GC(5)   Evacuate Collection Set: 1.3ms
[2024-11-14T13:01:13.001+0000][gc,phases   ] GC(5)   Post Evacuate Collection Set: 0.3ms
[2024-11-14T13:01:13.001+0000][gc,phases   ] GC(5)   Other: 0.1ms
[2024-11-14T13:01:13.001+0000][gc,heap     ] GC(5) Eden regions: 4->0(50)
[2024-11-14T13:01:13.001+0000][gc,heap     ] GC(5) Survivor regions: 1->1(7)
[2024-11-14T13:01:13.001+0000][gc,heap     ] GC(5) Old regions: 13->13
[2024-11-14T13:01:13.001+0000][gc,heap     ] GC(5) Humongous regions: 129->129
[2024-11-14T13:01:13.001+0000][gc,metaspace] GC(5) Metaspace: 35883K(36288K)->35883K(36288K) NonClass: 31596K(31808K)->31596K(31808K) Class: 4286K(4480K)->4286K(4480K)
[2024-11-14T13:01:13.001+0000][gc          ] GC(5) Pause Young (Concurrent Start) (Metadata GC Threshold) 146M->142M(1024M) 2.198ms
[2024-11-14T13:01:13.001+0000][gc,cpu      ] GC(5) User=0.00s Sys=0.00s Real=0.00s
[2024-11-14T13:01:13.001+0000][gc          ] GC(6) Concurrent Mark Cycle
[2024-11-14T13:01:13.001+0000][gc,marking  ] GC(6) Concurrent Scan Root Regions
[2024-11-14T13:01:13.002+0000][gc,marking  ] GC(6) Concurrent Scan Root Regions 1.164ms
[2024-11-14T13:01:13.002+0000][gc,marking  ] GC(6) Concurrent Mark
[2024-11-14T13:01:13.002+0000][gc,marking  ] GC(6) Concurrent Mark From Roots
[2024-11-14T13:01:13.002+0000][gc,task     ] GC(6) Using 1 workers of 1 for marking
[2024-11-14T13:01:13.016+0000][gc,marking  ] GC(6) Concurrent Mark From Roots 13.995ms
[2024-11-14T13:01:13.016+0000][gc,marking  ] GC(6) Concurrent Preclean
[2024-11-14T13:01:13.016+0000][gc,marking  ] GC(6) Concurrent Preclean 0.046ms
[2024-11-14T13:01:13.016+0000][gc,start    ] GC(6) Pause Remark
[2024-11-14T13:01:13.020+0000][gc          ] GC(6) Pause Remark 143M->143M(1024M) 3.506ms
[2024-11-14T13:01:13.020+0000][gc,cpu      ] GC(6) User=0.01s Sys=0.00s Real=0.00s
[2024-11-14T13:01:13.020+0000][gc,marking  ] GC(6) Concurrent Mark 17.699ms
[2024-11-14T13:01:13.020+0000][gc,marking  ] GC(6) Concurrent Rebuild Remembered Sets and Scrub Regions
[2024-11-14T13:01:13.025+0000][gc,marking  ] GC(6) Concurrent Rebuild Remembered Sets and Scrub Regions 4.786ms
[2024-11-14T13:01:13.025+0000][gc,start    ] GC(6) Pause Cleanup
[2024-11-14T13:01:13.025+0000][gc          ] GC(6) Pause Cleanup 143M->143M(1024M) 0.185ms
[2024-11-14T13:01:13.025+0000][gc,cpu      ] GC(6) User=0.00s Sys=0.00s Real=0.00s
[2024-11-14T13:01:13.025+0000][gc,marking  ] GC(6) Concurrent Clear Claimed Marks
[2024-11-14T13:01:13.025+0000][gc,marking  ] GC(6) Concurrent Clear Claimed Marks 0.028ms
[2024-11-14T13:01:13.025+0000][gc,marking  ] GC(6) Concurrent Cleanup for Next Mark
[2024-11-14T13:01:13.026+0000][gc,marking  ] GC(6) Concurrent Cleanup for Next Mark 1.430ms
[2024-11-14T13:01:13.026+0000][gc          ] GC(6) Concurrent Mark Cycle 25.530ms
