[2024-11-14T09:36:31.927+0000][gc,init] CardTable entry size: 512
[2024-11-14T09:36:31.927+0000][gc     ] Using G1
[2024-11-14T09:36:31.934+0000][gc,init] Version: 21.0.4+7-LTS (release)
[2024-11-14T09:36:31.934+0000][gc,init] CPUs: 2 total, 2 available
[2024-11-14T09:36:31.934+0000][gc,init] Memory: 7928M
[2024-11-14T09:36:31.934+0000][gc,init] Large Page Support: Disabled
[2024-11-14T09:36:31.934+0000][gc,init] NUMA Support: Disabled
[2024-11-14T09:36:31.934+0000][gc,init] Compressed Oops: Enabled (32-bit)
[2024-11-14T09:36:31.934+0000][gc,init] Heap Region Size: 1M
[2024-11-14T09:36:31.934+0000][gc,init] Heap Min Capacity: 1G
[2024-11-14T09:36:31.934+0000][gc,init] Heap Initial Capacity: 1G
[2024-11-14T09:36:31.934+0000][gc,init] Heap Max Capacity: 1G
[2024-11-14T09:36:31.934+0000][gc,init] Pre-touch: Disabled
[2024-11-14T09:36:31.934+0000][gc,init] Parallel Workers: 2
[2024-11-14T09:36:31.934+0000][gc,init] Concurrent Workers: 1
[2024-11-14T09:36:31.934+0000][gc,init] Concurrent Refinement Workers: 2
[2024-11-14T09:36:31.934+0000][gc,init] Periodic GC: Disabled
[2024-11-14T09:36:31.940+0000][gc,metaspace] CDS archive(s) mapped at: [0x000078ae03000000-0x000078ae03cae000-0x000078ae03cae000), size 13295616, SharedBaseAddress: 0x000078ae03000000, ArchiveRelocationMode: 1.
[2024-11-14T09:36:31.940+0000][gc,metaspace] Compressed class space mapped at: 0x000078ae04000000-0x000078ae44000000, reserved size: 1073741824
[2024-11-14T09:36:31.940+0000][gc,metaspace] Narrow klass base: 0x000078ae03000000, Narrow klass shift: 0, Narrow klass range: 0x100000000
[2024-11-14T09:36:32.645+0000][gc,heap,exit] Heap
[2024-11-14T09:36:32.645+0000][gc,heap,exit]  garbage-first heap   total 1048576K, used 24608K [0x00000000c0000000, 0x0000000100000000)
[2024-11-14T09:36:32.645+0000][gc,heap,exit]   region size 1024K, 24 young (24576K), 0 survivors (0K)
[2024-11-14T09:36:32.645+0000][gc,heap,exit]  Metaspace       used 10096K, committed 10304K, reserved 1114112K
[2024-11-14T09:36:32.645+0000][gc,heap,exit]   class space    used 1188K, committed 1280K, reserved 1048576K
