[2024-11-14T09:37:28.961+0000][gc,init] CardTable entry size: 512
[2024-11-14T09:37:28.961+0000][gc     ] Using G1
[2024-11-14T09:37:28.967+0000][gc,init] Version: 21.0.4+7-LTS (release)
[2024-11-14T09:37:28.967+0000][gc,init] CPUs: 2 total, 2 available
[2024-11-14T09:37:28.967+0000][gc,init] Memory: 7928M
[2024-11-14T09:37:28.967+0000][gc,init] Large Page Support: Disabled
[2024-11-14T09:37:28.967+0000][gc,init] NUMA Support: Disabled
[2024-11-14T09:37:28.967+0000][gc,init] Compressed Oops: Enabled (32-bit)
[2024-11-14T09:37:28.967+0000][gc,init] Heap Region Size: 1M
[2024-11-14T09:37:28.967+0000][gc,init] Heap Min Capacity: 1G
[2024-11-14T09:37:28.967+0000][gc,init] Heap Initial Capacity: 1G
[2024-11-14T09:37:28.967+0000][gc,init] Heap Max Capacity: 1G
[2024-11-14T09:37:28.967+0000][gc,init] Pre-touch: Disabled
[2024-11-14T09:37:28.967+0000][gc,init] Parallel Workers: 2
[2024-11-14T09:37:28.967+0000][gc,init] Concurrent Workers: 1
[2024-11-14T09:37:28.967+0000][gc,init] Concurrent Refinement Workers: 2
[2024-11-14T09:37:28.967+0000][gc,init] Periodic GC: Disabled
[2024-11-14T09:37:28.973+0000][gc,metaspace] CDS archive(s) mapped at: [0x000071e29b000000-0x000071e29bcae000-0x000071e29bcae000), size 13295616, SharedBaseAddress: 0x000071e29b000000, ArchiveRelocationMode: 1.
[2024-11-14T09:37:28.973+0000][gc,metaspace] Compressed class space mapped at: 0x000071e29c000000-0x000071e2dc000000, reserved size: 1073741824
[2024-11-14T09:37:28.973+0000][gc,metaspace] Narrow klass base: 0x000071e29b000000, Narrow klass shift: 0, Narrow klass range: 0x100000000
[2024-11-14T09:37:30.245+0000][gc,start    ] GC(0) Pause Young (Normal) (G1 Evacuation Pause)
[2024-11-14T09:37:30.246+0000][gc,task     ] GC(0) Using 2 workers of 2 for evacuation
[2024-11-14T09:37:30.256+0000][gc,phases   ] GC(0)   Pre Evacuate Collection Set: 0.1ms
[2024-11-14T09:37:30.256+0000][gc,phases   ] GC(0)   Merge Heap Roots: 0.1ms
[2024-11-14T09:37:30.256+0000][gc,phases   ] GC(0)   Evacuate Collection Set: 9.1ms
[2024-11-14T09:37:30.256+0000][gc,phases   ] GC(0)   Post Evacuate Collection Set: 0.6ms
[2024-11-14T09:37:30.256+0000][gc,phases   ] GC(0)   Other: 0.1ms
[2024-11-14T09:37:30.256+0000][gc,heap     ] GC(0) Eden regions: 51->0(44)
[2024-11-14T09:37:30.256+0000][gc,heap     ] GC(0) Survivor regions: 0->7(7)
[2024-11-14T09:37:30.256+0000][gc,heap     ] GC(0) Old regions: 2->2
[2024-11-14T09:37:30.256+0000][gc,heap     ] GC(0) Humongous regions: 0->0
[2024-11-14T09:37:30.256+0000][gc,metaspace] GC(0) Metaspace: 19799K(20032K)->19799K(20032K) NonClass: 17259K(17408K)->17259K(17408K) Class: 2540K(2624K)->2540K(2624K)
[2024-11-14T09:37:30.256+0000][gc          ] GC(0) Pause Young (Normal) (G1 Evacuation Pause) 52M->7M(1024M) 10.280ms
[2024-11-14T09:37:30.256+0000][gc,cpu      ] GC(0) User=0.01s Sys=0.00s Real=0.00s
[2024-11-14T09:37:30.366+0000][gc,start    ] GC(1) Pause Young (Concurrent Start) (Metadata GC Threshold)
[2024-11-14T09:37:30.366+0000][gc,task     ] GC(1) Using 2 workers of 2 for evacuation
[2024-11-14T09:37:30.381+0000][gc,phases   ] GC(1)   Pre Evacuate Collection Set: 0.2ms
[2024-11-14T09:37:30.381+0000][gc,phases   ] GC(1)   Merge Heap Roots: 0.0ms
[2024-11-14T09:37:30.381+0000][gc,phases   ] GC(1)   Evacuate Collection Set: 13.7ms
[2024-11-14T09:37:30.381+0000][gc,phases   ] GC(1)   Post Evacuate Collection Set: 0.6ms
[2024-11-14T09:37:30.381+0000][gc,phases   ] GC(1)   Other: 0.1ms
[2024-11-14T09:37:30.381+0000][gc,heap     ] GC(1) Eden regions: 7->0(49)
[2024-11-14T09:37:30.381+0000][gc,heap     ] GC(1) Survivor regions: 7->2(7)
[2024-11-14T09:37:30.381+0000][gc,heap     ] GC(1) Old regions: 2->9
[2024-11-14T09:37:30.381+0000][gc,heap     ] GC(1) Humongous regions: 129->129
[2024-11-14T09:37:30.381+0000][gc,metaspace] GC(1) Metaspace: 21266K(21504K)->21266K(21504K) NonClass: 18523K(18688K)->18523K(18688K) Class: 2742K(2816K)->2742K(2816K)
[2024-11-14T09:37:30.381+0000][gc          ] GC(1) Pause Young (Concurrent Start) (Metadata GC Threshold) 143M->138M(1024M) 14.691ms
[2024-11-14T09:37:30.381+0000][gc,cpu      ] GC(1) User=0.02s Sys=0.00s Real=0.01s
[2024-11-14T09:37:30.383+0000][gc          ] GC(2) Concurrent Mark Cycle
[2024-11-14T09:37:30.383+0000][gc,marking  ] GC(2) Concurrent Scan Root Regions
[2024-11-14T09:37:30.400+0000][gc,marking  ] GC(2) Concurrent Scan Root Regions 16.519ms
[2024-11-14T09:37:30.400+0000][gc,marking  ] GC(2) Concurrent Mark
[2024-11-14T09:37:30.400+0000][gc,marking  ] GC(2) Concurrent Mark From Roots
[2024-11-14T09:37:30.400+0000][gc,task     ] GC(2) Using 1 workers of 1 for marking
[2024-11-14T09:37:30.407+0000][gc,marking  ] GC(2) Concurrent Mark From Roots 7.420ms
[2024-11-14T09:37:30.408+0000][gc,marking  ] GC(2) Concurrent Preclean
[2024-11-14T09:37:30.408+0000][gc,marking  ] GC(2) Concurrent Preclean 0.010ms
[2024-11-14T09:37:30.408+0000][gc,start    ] GC(2) Pause Remark
[2024-11-14T09:37:30.410+0000][gc          ] GC(2) Pause Remark 139M->139M(1024M) 2.082ms
[2024-11-14T09:37:30.410+0000][gc,cpu      ] GC(2) User=0.00s Sys=0.00s Real=0.00s
[2024-11-14T09:37:30.410+0000][gc,marking  ] GC(2) Concurrent Mark 9.934ms
[2024-11-14T09:37:30.410+0000][gc,marking  ] GC(2) Concurrent Rebuild Remembered Sets and Scrub Regions
[2024-11-14T09:37:30.413+0000][gc,marking  ] GC(2) Concurrent Rebuild Remembered Sets and Scrub Regions 3.398ms
[2024-11-14T09:37:30.414+0000][gc,start    ] GC(2) Pause Cleanup
[2024-11-14T09:37:30.414+0000][gc          ] GC(2) Pause Cleanup 139M->139M(1024M) 0.144ms
[2024-11-14T09:37:30.414+0000][gc,cpu      ] GC(2) User=0.00s Sys=0.00s Real=0.00s
[2024-11-14T09:37:30.414+0000][gc,marking  ] GC(2) Concurrent Clear Claimed Marks
[2024-11-14T09:37:30.414+0000][gc,marking  ] GC(2) Concurrent Clear Claimed Marks 0.020ms
[2024-11-14T09:37:30.414+0000][gc,marking  ] GC(2) Concurrent Cleanup for Next Mark
[2024-11-14T09:37:30.422+0000][gc,marking  ] GC(2) Concurrent Cleanup for Next Mark 8.224ms
[2024-11-14T09:37:30.422+0000][gc          ] GC(2) Concurrent Mark Cycle 38.606ms
[2024-11-14T09:45:45.402+0000][gc,start    ] GC(3) Pause Young (Prepare Mixed) (G1 Evacuation Pause)
[2024-11-14T09:45:45.402+0000][gc,task     ] GC(3) Using 2 workers of 2 for evacuation
[2024-11-14T09:45:45.409+0000][gc,phases   ] GC(3)   Pre Evacuate Collection Set: 0.2ms
[2024-11-14T09:45:45.409+0000][gc,phases   ] GC(3)   Merge Heap Roots: 0.1ms
[2024-11-14T09:45:45.409+0000][gc,phases   ] GC(3)   Evacuate Collection Set: 6.3ms
[2024-11-14T09:45:45.409+0000][gc,phases   ] GC(3)   Post Evacuate Collection Set: 0.5ms
[2024-11-14T09:45:45.409+0000][gc,phases   ] GC(3)   Other: 0.1ms
[2024-11-14T09:45:45.409+0000][gc,heap     ] GC(3) Eden regions: 49->0(46)
[2024-11-14T09:45:45.409+0000][gc,heap     ] GC(3) Survivor regions: 2->5(7)
[2024-11-14T09:45:45.409+0000][gc,heap     ] GC(3) Old regions: 9->9
[2024-11-14T09:45:45.409+0000][gc,heap     ] GC(3) Humongous regions: 129->129
[2024-11-14T09:45:45.409+0000][gc,metaspace] GC(3) Metaspace: 33148K(33472K)->33148K(33472K) NonClass: 29325K(29504K)->29325K(29504K) Class: 3822K(3968K)->3822K(3968K)
[2024-11-14T09:45:45.409+0000][gc          ] GC(3) Pause Young (Prepare Mixed) (G1 Evacuation Pause) 187M->141M(1024M) 7.253ms
[2024-11-14T09:45:45.409+0000][gc,cpu      ] GC(3) User=0.01s Sys=0.00s Real=0.01s
[2024-11-14T09:52:24.206+0000][gc,start    ] GC(4) Pause Young (Mixed) (Metadata GC Threshold)
[2024-11-14T09:52:24.206+0000][gc,task     ] GC(4) Using 2 workers of 2 for evacuation
[2024-11-14T09:52:24.215+0000][gc,phases   ] GC(4)   Pre Evacuate Collection Set: 0.3ms
[2024-11-14T09:52:24.215+0000][gc,phases   ] GC(4)   Merge Heap Roots: 0.1ms
[2024-11-14T09:52:24.215+0000][gc,phases   ] GC(4)   Evacuate Collection Set: 8.1ms
[2024-11-14T09:52:24.215+0000][gc,phases   ] GC(4)   Post Evacuate Collection Set: 0.5ms
[2024-11-14T09:52:24.215+0000][gc,phases   ] GC(4)   Other: 0.0ms
[2024-11-14T09:52:24.215+0000][gc,heap     ] GC(4) Eden regions: 18->0(50)
[2024-11-14T09:52:24.215+0000][gc,heap     ] GC(4) Survivor regions: 5->1(7)
[2024-11-14T09:52:24.215+0000][gc,heap     ] GC(4) Old regions: 9->14
[2024-11-14T09:52:24.215+0000][gc,heap     ] GC(4) Humongous regions: 129->129
[2024-11-14T09:52:24.215+0000][gc,metaspace] GC(4) Metaspace: 35993K(36416K)->35993K(36416K) NonClass: 31673K(31936K)->31673K(31936K) Class: 4320K(4480K)->4320K(4480K)
[2024-11-14T09:52:24.215+0000][gc          ] GC(4) Pause Young (Mixed) (Metadata GC Threshold) 159M->143M(1024M) 9.239ms
[2024-11-14T09:52:24.215+0000][gc,cpu      ] GC(4) User=0.01s Sys=0.00s Real=0.00s
[2024-11-14T10:06:04.401+0000][gc,start    ] GC(5) Pause Young (Concurrent Start) (Metadata GC Threshold)
[2024-11-14T10:06:04.401+0000][gc,task     ] GC(5) Using 2 workers of 2 for evacuation
[2024-11-14T10:06:04.407+0000][gc,phases   ] GC(5)   Pre Evacuate Collection Set: 0.3ms
[2024-11-14T10:06:04.407+0000][gc,phases   ] GC(5)   Merge Heap Roots: 0.0ms
[2024-11-14T10:06:04.407+0000][gc,phases   ] GC(5)   Evacuate Collection Set: 4.2ms
[2024-11-14T10:06:04.407+0000][gc,phases   ] GC(5)   Post Evacuate Collection Set: 0.4ms
[2024-11-14T10:06:04.407+0000][gc,phases   ] GC(5)   Other: 0.1ms
[2024-11-14T10:06:04.407+0000][gc,heap     ] GC(5) Eden regions: 12->0(50)
[2024-11-14T10:06:04.407+0000][gc,heap     ] GC(5) Survivor regions: 1->1(7)
[2024-11-14T10:06:04.407+0000][gc,heap     ] GC(5) Old regions: 14->14
[2024-11-14T10:06:04.407+0000][gc,heap     ] GC(5) Humongous regions: 129->129
[2024-11-14T10:06:04.407+0000][gc,metaspace] GC(5) Metaspace: 36282K(36736K)->36282K(36736K) NonClass: 31936K(32192K)->31936K(32192K) Class: 4345K(4544K)->4345K(4544K)
[2024-11-14T10:06:04.407+0000][gc          ] GC(5) Pause Young (Concurrent Start) (Metadata GC Threshold) 154M->143M(1024M) 5.259ms
[2024-11-14T10:06:04.407+0000][gc,cpu      ] GC(5) User=0.00s Sys=0.00s Real=0.01s
[2024-11-14T10:06:04.408+0000][gc          ] GC(6) Concurrent Mark Cycle
[2024-11-14T10:06:04.408+0000][gc,marking  ] GC(6) Concurrent Scan Root Regions
[2024-11-14T10:06:04.409+0000][gc,marking  ] GC(6) Concurrent Scan Root Regions 1.106ms
[2024-11-14T10:06:04.409+0000][gc,marking  ] GC(6) Concurrent Mark
[2024-11-14T10:06:04.409+0000][gc,marking  ] GC(6) Concurrent Mark From Roots
[2024-11-14T10:06:04.409+0000][gc,task     ] GC(6) Using 1 workers of 1 for marking
[2024-11-14T10:06:04.427+0000][gc,marking  ] GC(6) Concurrent Mark From Roots 17.599ms
[2024-11-14T10:06:04.427+0000][gc,marking  ] GC(6) Concurrent Preclean
[2024-11-14T10:06:04.427+0000][gc,marking  ] GC(6) Concurrent Preclean 0.120ms
[2024-11-14T10:06:04.427+0000][gc,start    ] GC(6) Pause Remark
[2024-11-14T10:06:04.433+0000][gc          ] GC(6) Pause Remark 143M->143M(1024M) 5.954ms
[2024-11-14T10:06:04.433+0000][gc,cpu      ] GC(6) User=0.01s Sys=0.00s Real=0.00s
[2024-11-14T10:06:04.436+0000][gc,marking  ] GC(6) Concurrent Mark 26.962ms
[2024-11-14T10:06:04.436+0000][gc,marking  ] GC(6) Concurrent Rebuild Remembered Sets and Scrub Regions
[2024-11-14T10:06:04.456+0000][gc,marking  ] GC(6) Concurrent Rebuild Remembered Sets and Scrub Regions 20.195ms
[2024-11-14T10:06:04.459+0000][gc,start    ] GC(6) Pause Cleanup
[2024-11-14T10:06:04.459+0000][gc          ] GC(6) Pause Cleanup 144M->144M(1024M) 0.169ms
[2024-11-14T10:06:04.459+0000][gc,cpu      ] GC(6) User=0.00s Sys=0.00s Real=0.00s
[2024-11-14T10:06:04.459+0000][gc,marking  ] GC(6) Concurrent Clear Claimed Marks
[2024-11-14T10:06:04.459+0000][gc,marking  ] GC(6) Concurrent Clear Claimed Marks 0.036ms
[2024-11-14T10:06:04.459+0000][gc,marking  ] GC(6) Concurrent Cleanup for Next Mark
[2024-11-14T10:06:04.461+0000][gc,marking  ] GC(6) Concurrent Cleanup for Next Mark 1.642ms
[2024-11-14T10:06:04.461+0000][gc          ] GC(6) Concurrent Mark Cycle 52.642ms
[2024-11-14T10:15:35.886+0000][gc,start    ] GC(7) Pause Young (Prepare Mixed) (G1 Evacuation Pause)
[2024-11-14T10:15:35.886+0000][gc,task     ] GC(7) Using 2 workers of 2 for evacuation
[2024-11-14T10:15:35.895+0000][gc,phases   ] GC(7)   Pre Evacuate Collection Set: 0.2ms
[2024-11-14T10:15:35.895+0000][gc,phases   ] GC(7)   Merge Heap Roots: 0.1ms
[2024-11-14T10:15:35.895+0000][gc,phases   ] GC(7)   Evacuate Collection Set: 8.3ms
[2024-11-14T10:15:35.895+0000][gc,phases   ] GC(7)   Post Evacuate Collection Set: 0.6ms
[2024-11-14T10:15:35.895+0000][gc,phases   ] GC(7)   Other: 0.0ms
[2024-11-14T10:15:35.895+0000][gc,heap     ] GC(7) Eden regions: 50->0(45)
[2024-11-14T10:15:35.895+0000][gc,heap     ] GC(7) Survivor regions: 1->6(7)
[2024-11-14T10:15:35.895+0000][gc,heap     ] GC(7) Old regions: 14->14
[2024-11-14T10:15:35.895+0000][gc,heap     ] GC(7) Humongous regions: 129->129
[2024-11-14T10:15:35.895+0000][gc,metaspace] GC(7) Metaspace: 39318K(39808K)->39318K(39808K) NonClass: 34677K(34944K)->34677K(34944K) Class: 4641K(4864K)->4641K(4864K)
[2024-11-14T10:15:35.895+0000][gc          ] GC(7) Pause Young (Prepare Mixed) (G1 Evacuation Pause) 193M->147M(1024M) 9.480ms
[2024-11-14T10:15:35.895+0000][gc,cpu      ] GC(7) User=0.02s Sys=0.00s Real=0.00s
[2024-11-14T10:29:26.865+0000][gc,start    ] GC(8) Pause Young (Mixed) (G1 Evacuation Pause)
[2024-11-14T10:29:26.865+0000][gc,task     ] GC(8) Using 2 workers of 2 for evacuation
[2024-11-14T10:29:26.874+0000][gc,phases   ] GC(8)   Pre Evacuate Collection Set: 0.2ms
[2024-11-14T10:29:26.874+0000][gc,phases   ] GC(8)   Merge Heap Roots: 0.1ms
[2024-11-14T10:29:26.874+0000][gc,phases   ] GC(8)   Evacuate Collection Set: 8.7ms
[2024-11-14T10:29:26.874+0000][gc,phases   ] GC(8)   Post Evacuate Collection Set: 0.5ms
[2024-11-14T10:29:26.874+0000][gc,phases   ] GC(8)   Other: 0.1ms
[2024-11-14T10:29:26.874+0000][gc,heap     ] GC(8) Eden regions: 45->0(48)
[2024-11-14T10:29:26.874+0000][gc,heap     ] GC(8) Survivor regions: 6->3(7)
[2024-11-14T10:29:26.874+0000][gc,heap     ] GC(8) Old regions: 14->16
[2024-11-14T10:29:26.874+0000][gc,heap     ] GC(8) Humongous regions: 129->129
[2024-11-14T10:29:26.874+0000][gc,metaspace] GC(8) Metaspace: 39531K(40064K)->39531K(40064K) NonClass: 34887K(35200K)->34887K(35200K) Class: 4644K(4864K)->4644K(4864K)
[2024-11-14T10:29:26.874+0000][gc          ] GC(8) Pause Young (Mixed) (G1 Evacuation Pause) 192M->147M(1024M) 9.670ms
[2024-11-14T10:29:26.874+0000][gc,cpu      ] GC(8) User=0.01s Sys=0.01s Real=0.00s
[2024-11-14T10:47:04.891+0000][gc,start    ] GC(9) Pause Young (Normal) (G1 Evacuation Pause)
[2024-11-14T10:47:04.891+0000][gc,task     ] GC(9) Using 2 workers of 2 for evacuation
[2024-11-14T10:47:04.906+0000][gc,phases   ] GC(9)   Pre Evacuate Collection Set: 0.4ms
[2024-11-14T10:47:04.906+0000][gc,phases   ] GC(9)   Merge Heap Roots: 0.1ms
[2024-11-14T10:47:04.906+0000][gc,phases   ] GC(9)   Evacuate Collection Set: 14.1ms
[2024-11-14T10:47:04.906+0000][gc,phases   ] GC(9)   Post Evacuate Collection Set: 0.5ms
[2024-11-14T10:47:04.906+0000][gc,phases   ] GC(9)   Other: 0.1ms
[2024-11-14T10:47:04.906+0000][gc,heap     ] GC(9) Eden regions: 48->0(47)
[2024-11-14T10:47:04.906+0000][gc,heap     ] GC(9) Survivor regions: 3->4(7)
[2024-11-14T10:47:04.906+0000][gc,heap     ] GC(9) Old regions: 16->16
[2024-11-14T10:47:04.906+0000][gc,heap     ] GC(9) Humongous regions: 129->129
[2024-11-14T10:47:04.906+0000][gc,metaspace] GC(9) Metaspace: 39688K(40192K)->39688K(40192K) NonClass: 35023K(35328K)->35023K(35328K) Class: 4665K(4864K)->4665K(4864K)
[2024-11-14T10:47:04.906+0000][gc          ] GC(9) Pause Young (Normal) (G1 Evacuation Pause) 195M->148M(1024M) 15.341ms
[2024-11-14T10:47:04.906+0000][gc,cpu      ] GC(9) User=0.02s Sys=0.00s Real=0.02s
[2024-11-14T11:04:32.014+0000][gc,start    ] GC(10) Pause Young (Normal) (G1 Evacuation Pause)
[2024-11-14T11:04:32.014+0000][gc,task     ] GC(10) Using 2 workers of 2 for evacuation
[2024-11-14T11:04:32.020+0000][gc,phases   ] GC(10)   Pre Evacuate Collection Set: 0.2ms
[2024-11-14T11:04:32.021+0000][gc,phases   ] GC(10)   Merge Heap Roots: 0.1ms
[2024-11-14T11:04:32.021+0000][gc,phases   ] GC(10)   Evacuate Collection Set: 5.9ms
[2024-11-14T11:04:32.021+0000][gc,phases   ] GC(10)   Post Evacuate Collection Set: 0.3ms
[2024-11-14T11:04:32.021+0000][gc,phases   ] GC(10)   Other: 0.0ms
[2024-11-14T11:04:32.021+0000][gc,heap     ] GC(10) Eden regions: 47->0(47)
[2024-11-14T11:04:32.021+0000][gc,heap     ] GC(10) Survivor regions: 4->4(7)
[2024-11-14T11:04:32.021+0000][gc,heap     ] GC(10) Old regions: 16->16
[2024-11-14T11:04:32.021+0000][gc,heap     ] GC(10) Humongous regions: 129->129
[2024-11-14T11:04:32.021+0000][gc,metaspace] GC(10) Metaspace: 39722K(40192K)->39722K(40192K) NonClass: 35055K(35328K)->35055K(35328K) Class: 4666K(4864K)->4666K(4864K)
[2024-11-14T11:04:32.021+0000][gc          ] GC(10) Pause Young (Normal) (G1 Evacuation Pause) 195M->148M(1024M) 6.764ms
[2024-11-14T11:04:32.021+0000][gc,cpu      ] GC(10) User=0.02s Sys=0.00s Real=0.01s
