[2024-11-14T09:29:57.920+0000][gc,init] CardTable entry size: 512
[2024-11-14T09:29:57.920+0000][gc     ] Using G1
[2024-11-14T09:29:57.927+0000][gc,init] Version: 21.0.4+7-LTS (release)
[2024-11-14T09:29:57.927+0000][gc,init] CPUs: 2 total, 2 available
[2024-11-14T09:29:57.927+0000][gc,init] Memory: 7928M
[2024-11-14T09:29:57.927+0000][gc,init] Large Page Support: Disabled
[2024-11-14T09:29:57.927+0000][gc,init] NUMA Support: Disabled
[2024-11-14T09:29:57.927+0000][gc,init] Compressed Oops: Enabled (32-bit)
[2024-11-14T09:29:57.927+0000][gc,init] Heap Region Size: 1M
[2024-11-14T09:29:57.927+0000][gc,init] Heap Min Capacity: 1G
[2024-11-14T09:29:57.927+0000][gc,init] Heap Initial Capacity: 1G
[2024-11-14T09:29:57.927+0000][gc,init] Heap Max Capacity: 1G
[2024-11-14T09:29:57.927+0000][gc,init] Pre-touch: Disabled
[2024-11-14T09:29:57.927+0000][gc,init] Parallel Workers: 2
[2024-11-14T09:29:57.927+0000][gc,init] Concurrent Workers: 1
[2024-11-14T09:29:57.927+0000][gc,init] Concurrent Refinement Workers: 2
[2024-11-14T09:29:57.927+0000][gc,init] Periodic GC: Disabled
[2024-11-14T09:29:57.933+0000][gc,metaspace] CDS archive(s) mapped at: [0x000074719f000000-0x000074719fcae000-0x000074719fcae000), size 13295616, SharedBaseAddress: 0x000074719f000000, ArchiveRelocationMode: 1.
[2024-11-14T09:29:57.933+0000][gc,metaspace] Compressed class space mapped at: 0x00007471a0000000-0x00007471e0000000, reserved size: 1073741824
[2024-11-14T09:29:57.933+0000][gc,metaspace] Narrow klass base: 0x000074719f000000, Narrow klass shift: 0, Narrow klass range: 0x100000000
[2024-11-14T09:29:59.293+0000][gc,start    ] GC(0) Pause Young (Normal) (G1 Evacuation Pause)
[2024-11-14T09:29:59.294+0000][gc,task     ] GC(0) Using 2 workers of 2 for evacuation
[2024-11-14T09:29:59.304+0000][gc,phases   ] GC(0)   Pre Evacuate Collection Set: 0.3ms
[2024-11-14T09:29:59.304+0000][gc,phases   ] GC(0)   Merge Heap Roots: 0.1ms
[2024-11-14T09:29:59.304+0000][gc,phases   ] GC(0)   Evacuate Collection Set: 9.3ms
[2024-11-14T09:29:59.304+0000][gc,phases   ] GC(0)   Post Evacuate Collection Set: 0.5ms
[2024-11-14T09:29:59.304+0000][gc,phases   ] GC(0)   Other: 0.3ms
[2024-11-14T09:29:59.304+0000][gc,heap     ] GC(0) Eden regions: 51->0(44)
[2024-11-14T09:29:59.304+0000][gc,heap     ] GC(0) Survivor regions: 0->7(7)
[2024-11-14T09:29:59.304+0000][gc,heap     ] GC(0) Old regions: 2->3
[2024-11-14T09:29:59.304+0000][gc,heap     ] GC(0) Humongous regions: 0->0
[2024-11-14T09:29:59.304+0000][gc,metaspace] GC(0) Metaspace: 19805K(19968K)->19805K(19968K) NonClass: 17255K(17344K)->17255K(17344K) Class: 2550K(2624K)->2550K(2624K)
[2024-11-14T09:29:59.304+0000][gc          ] GC(0) Pause Young (Normal) (G1 Evacuation Pause) 52M->8M(1024M) 10.635ms
[2024-11-14T09:29:59.304+0000][gc,cpu      ] GC(0) User=0.01s Sys=0.01s Real=0.01s
[2024-11-14T09:29:59.457+0000][gc,start    ] GC(1) Pause Young (Concurrent Start) (Metadata GC Threshold)
[2024-11-14T09:29:59.457+0000][gc,task     ] GC(1) Using 2 workers of 2 for evacuation
[2024-11-14T09:29:59.466+0000][gc,phases   ] GC(1)   Pre Evacuate Collection Set: 0.2ms
[2024-11-14T09:29:59.466+0000][gc,phases   ] GC(1)   Merge Heap Roots: 0.0ms
[2024-11-14T09:29:59.466+0000][gc,phases   ] GC(1)   Evacuate Collection Set: 7.6ms
[2024-11-14T09:29:59.466+0000][gc,phases   ] GC(1)   Post Evacuate Collection Set: 0.4ms
[2024-11-14T09:29:59.466+0000][gc,phases   ] GC(1)   Other: 0.1ms
[2024-11-14T09:29:59.466+0000][gc,heap     ] GC(1) Eden regions: 6->0(49)
[2024-11-14T09:29:59.466+0000][gc,heap     ] GC(1) Survivor regions: 7->2(7)
[2024-11-14T09:29:59.466+0000][gc,heap     ] GC(1) Old regions: 3->9
[2024-11-14T09:29:59.466+0000][gc,heap     ] GC(1) Humongous regions: 129->129
[2024-11-14T09:29:59.466+0000][gc,metaspace] GC(1) Metaspace: 21250K(21504K)->21250K(21504K) NonClass: 18498K(18624K)->18498K(18624K) Class: 2751K(2880K)->2751K(2880K)
[2024-11-14T09:29:59.466+0000][gc          ] GC(1) Pause Young (Concurrent Start) (Metadata GC Threshold) 143M->138M(1024M) 8.493ms
[2024-11-14T09:29:59.466+0000][gc,cpu      ] GC(1) User=0.01s Sys=0.00s Real=0.01s
[2024-11-14T09:29:59.466+0000][gc          ] GC(2) Concurrent Mark Cycle
[2024-11-14T09:29:59.466+0000][gc,marking  ] GC(2) Concurrent Scan Root Regions
[2024-11-14T09:29:59.470+0000][gc,marking  ] GC(2) Concurrent Scan Root Regions 4.163ms
[2024-11-14T09:29:59.470+0000][gc,marking  ] GC(2) Concurrent Mark
[2024-11-14T09:29:59.470+0000][gc,marking  ] GC(2) Concurrent Mark From Roots
[2024-11-14T09:29:59.470+0000][gc,task     ] GC(2) Using 1 workers of 1 for marking
[2024-11-14T09:29:59.474+0000][gc,marking  ] GC(2) Concurrent Mark From Roots 4.445ms
[2024-11-14T09:29:59.474+0000][gc,marking  ] GC(2) Concurrent Preclean
[2024-11-14T09:29:59.474+0000][gc,marking  ] GC(2) Concurrent Preclean 0.011ms
[2024-11-14T09:29:59.475+0000][gc,start    ] GC(2) Pause Remark
[2024-11-14T09:29:59.477+0000][gc          ] GC(2) Pause Remark 139M->139M(1024M) 2.624ms
[2024-11-14T09:29:59.477+0000][gc,cpu      ] GC(2) User=0.01s Sys=0.00s Real=0.01s
[2024-11-14T09:29:59.477+0000][gc,marking  ] GC(2) Concurrent Mark 7.418ms
[2024-11-14T09:29:59.477+0000][gc,marking  ] GC(2) Concurrent Rebuild Remembered Sets and Scrub Regions
[2024-11-14T09:29:59.481+0000][gc,marking  ] GC(2) Concurrent Rebuild Remembered Sets and Scrub Regions 3.779ms
[2024-11-14T09:29:59.481+0000][gc,start    ] GC(2) Pause Cleanup
[2024-11-14T09:29:59.481+0000][gc          ] GC(2) Pause Cleanup 139M->139M(1024M) 0.179ms
[2024-11-14T09:29:59.481+0000][gc,cpu      ] GC(2) User=0.00s Sys=0.00s Real=0.00s
[2024-11-14T09:29:59.482+0000][gc,marking  ] GC(2) Concurrent Clear Claimed Marks
[2024-11-14T09:29:59.482+0000][gc,marking  ] GC(2) Concurrent Clear Claimed Marks 0.022ms
[2024-11-14T09:29:59.482+0000][gc,marking  ] GC(2) Concurrent Cleanup for Next Mark
[2024-11-14T09:29:59.491+0000][gc,marking  ] GC(2) Concurrent Cleanup for Next Mark 9.037ms
[2024-11-14T09:29:59.491+0000][gc          ] GC(2) Concurrent Mark Cycle 24.918ms
[2024-11-14T09:30:37.894+0000][gc,start    ] GC(3) Pause Young (Prepare Mixed) (G1 Evacuation Pause)
[2024-11-14T09:30:37.894+0000][gc,task     ] GC(3) Using 2 workers of 2 for evacuation
[2024-11-14T09:30:37.901+0000][gc,phases   ] GC(3)   Pre Evacuate Collection Set: 0.2ms
[2024-11-14T09:30:37.901+0000][gc,phases   ] GC(3)   Merge Heap Roots: 0.1ms
[2024-11-14T09:30:37.901+0000][gc,phases   ] GC(3)   Evacuate Collection Set: 6.4ms
[2024-11-14T09:30:37.901+0000][gc,phases   ] GC(3)   Post Evacuate Collection Set: 0.5ms
[2024-11-14T09:30:37.901+0000][gc,phases   ] GC(3)   Other: 0.1ms
[2024-11-14T09:30:37.901+0000][gc,heap     ] GC(3) Eden regions: 49->0(45)
[2024-11-14T09:30:37.901+0000][gc,heap     ] GC(3) Survivor regions: 2->6(7)
[2024-11-14T09:30:37.901+0000][gc,heap     ] GC(3) Old regions: 9->9
[2024-11-14T09:30:37.901+0000][gc,heap     ] GC(3) Humongous regions: 129->129
[2024-11-14T09:30:37.901+0000][gc,metaspace] GC(3) Metaspace: 33215K(33536K)->33215K(33536K) NonClass: 29384K(29568K)->29384K(29568K) Class: 3831K(3968K)->3831K(3968K)
[2024-11-14T09:30:37.901+0000][gc          ] GC(3) Pause Young (Prepare Mixed) (G1 Evacuation Pause) 187M->142M(1024M) 7.404ms
[2024-11-14T09:30:37.901+0000][gc,cpu      ] GC(3) User=0.02s Sys=0.00s Real=0.01s
[2024-11-14T09:34:13.345+0000][gc,heap,exit] Heap
[2024-11-14T09:34:13.345+0000][gc,heap,exit]  garbage-first heap   total 1048576K, used 158576K [0x00000000c0000000, 0x0000000100000000)
[2024-11-14T09:34:13.345+0000][gc,heap,exit]   region size 1024K, 19 young (19456K), 6 survivors (6144K)
[2024-11-14T09:34:13.345+0000][gc,heap,exit]  Metaspace       used 33979K, committed 34304K, reserved 1114112K
[2024-11-14T09:34:13.345+0000][gc,heap,exit]   class space    used 3952K, committed 4096K, reserved 1048576K
