[2024-11-15T09:48:30.027+0000][gc,init] CardTable entry size: 512
[2024-11-15T09:48:30.027+0000][gc     ] Using G1
[2024-11-15T09:48:30.038+0000][gc,init] Version: 21.0.4+7-LTS (release)
[2024-11-15T09:48:30.038+0000][gc,init] CPUs: 2 total, 2 available
[2024-11-15T09:48:30.038+0000][gc,init] Memory: 7929M
[2024-11-15T09:48:30.038+0000][gc,init] Large Page Support: Disabled
[2024-11-15T09:48:30.038+0000][gc,init] NUMA Support: Disabled
[2024-11-15T09:48:30.038+0000][gc,init] Compressed Oops: Enabled (32-bit)
[2024-11-15T09:48:30.038+0000][gc,init] Heap Region Size: 1M
[2024-11-15T09:48:30.038+0000][gc,init] Heap Min Capacity: 1G
[2024-11-15T09:48:30.038+0000][gc,init] Heap Initial Capacity: 1G
[2024-11-15T09:48:30.038+0000][gc,init] Heap Max Capacity: 1G
[2024-11-15T09:48:30.038+0000][gc,init] Pre-touch: Disabled
[2024-11-15T09:48:30.038+0000][gc,init] Parallel Workers: 2
[2024-11-15T09:48:30.038+0000][gc,init] Concurrent Workers: 1
[2024-11-15T09:48:30.038+0000][gc,init] Concurrent Refinement Workers: 2
[2024-11-15T09:48:30.038+0000][gc,init] Periodic GC: Disabled
[2024-11-15T09:48:30.045+0000][gc,metaspace] CDS archive(s) mapped at: [0x000074edc3000000-0x000074edc3cae000-0x000074edc3cae000), size 13295616, SharedBaseAddress: 0x000074edc3000000, ArchiveRelocationMode: 1.
[2024-11-15T09:48:30.045+0000][gc,metaspace] Compressed class space mapped at: 0x000074edc4000000-0x000074ee04000000, reserved size: 1073741824
[2024-11-15T09:48:30.045+0000][gc,metaspace] Narrow klass base: 0x000074edc3000000, Narrow klass shift: 0, Narrow klass range: 0x100000000
[2024-11-15T09:48:31.271+0000][gc,start    ] GC(0) Pause Young (Normal) (G1 Evacuation Pause)
[2024-11-15T09:48:31.271+0000][gc,task     ] GC(0) Using 2 workers of 2 for evacuation
[2024-11-15T09:48:31.280+0000][gc,phases   ] GC(0)   Pre Evacuate Collection Set: 0.2ms
[2024-11-15T09:48:31.281+0000][gc,phases   ] GC(0)   Merge Heap Roots: 0.1ms
[2024-11-15T09:48:31.281+0000][gc,phases   ] GC(0)   Evacuate Collection Set: 8.1ms
[2024-11-15T09:48:31.281+0000][gc,phases   ] GC(0)   Post Evacuate Collection Set: 0.7ms
[2024-11-15T09:48:31.281+0000][gc,phases   ] GC(0)   Other: 0.2ms
[2024-11-15T09:48:31.281+0000][gc,heap     ] GC(0) Eden regions: 51->0(44)
[2024-11-15T09:48:31.281+0000][gc,heap     ] GC(0) Survivor regions: 0->7(7)
[2024-11-15T09:48:31.281+0000][gc,heap     ] GC(0) Old regions: 2->2
[2024-11-15T09:48:31.281+0000][gc,heap     ] GC(0) Humongous regions: 0->0
[2024-11-15T09:48:31.281+0000][gc,metaspace] GC(0) Metaspace: 19883K(20096K)->19883K(20096K) NonClass: 17340K(17472K)->17340K(17472K) Class: 2542K(2624K)->2542K(2624K)
[2024-11-15T09:48:31.281+0000][gc          ] GC(0) Pause Young (Normal) (G1 Evacuation Pause) 52M->7M(1024M) 9.672ms
[2024-11-15T09:48:31.281+0000][gc,cpu      ] GC(0) User=0.01s Sys=0.01s Real=0.01s
[2024-11-15T09:48:31.591+0000][gc,start    ] GC(1) Pause Young (Concurrent Start) (Metadata GC Threshold)
[2024-11-15T09:48:31.591+0000][gc,task     ] GC(1) Using 2 workers of 2 for evacuation
[2024-11-15T09:48:31.597+0000][gc,phases   ] GC(1)   Pre Evacuate Collection Set: 0.2ms
[2024-11-15T09:48:31.597+0000][gc,phases   ] GC(1)   Merge Heap Roots: 0.0ms
[2024-11-15T09:48:31.597+0000][gc,phases   ] GC(1)   Evacuate Collection Set: 5.4ms
[2024-11-15T09:48:31.597+0000][gc,phases   ] GC(1)   Post Evacuate Collection Set: 0.3ms
[2024-11-15T09:48:31.597+0000][gc,phases   ] GC(1)   Other: 0.1ms
[2024-11-15T09:48:31.597+0000][gc,heap     ] GC(1) Eden regions: 6->0(49)
[2024-11-15T09:48:31.597+0000][gc,heap     ] GC(1) Survivor regions: 7->2(7)
[2024-11-15T09:48:31.597+0000][gc,heap     ] GC(1) Old regions: 2->9
[2024-11-15T09:48:31.597+0000][gc,heap     ] GC(1) Humongous regions: 129->129
[2024-11-15T09:48:31.597+0000][gc,metaspace] GC(1) Metaspace: 21311K(21504K)->21311K(21504K) NonClass: 18572K(18688K)->18572K(18688K) Class: 2738K(2816K)->2738K(2816K)
[2024-11-15T09:48:31.597+0000][gc          ] GC(1) Pause Young (Concurrent Start) (Metadata GC Threshold) 142M->138M(1024M) 6.247ms
[2024-11-15T09:48:31.597+0000][gc,cpu      ] GC(1) User=0.01s Sys=0.00s Real=0.00s
[2024-11-15T09:48:31.597+0000][gc          ] GC(2) Concurrent Mark Cycle
[2024-11-15T09:48:31.597+0000][gc,marking  ] GC(2) Concurrent Scan Root Regions
[2024-11-15T09:48:31.601+0000][gc,marking  ] GC(2) Concurrent Scan Root Regions 3.405ms
[2024-11-15T09:48:31.601+0000][gc,marking  ] GC(2) Concurrent Mark
[2024-11-15T09:48:31.601+0000][gc,marking  ] GC(2) Concurrent Mark From Roots
[2024-11-15T09:48:31.601+0000][gc,task     ] GC(2) Using 1 workers of 1 for marking
[2024-11-15T09:48:31.604+0000][gc,marking  ] GC(2) Concurrent Mark From Roots 2.877ms
[2024-11-15T09:48:31.604+0000][gc,marking  ] GC(2) Concurrent Preclean
[2024-11-15T09:48:31.604+0000][gc,marking  ] GC(2) Concurrent Preclean 0.021ms
[2024-11-15T09:48:31.604+0000][gc,start    ] GC(2) Pause Remark
[2024-11-15T09:48:31.607+0000][gc          ] GC(2) Pause Remark 139M->139M(1024M) 2.974ms
[2024-11-15T09:48:31.607+0000][gc,cpu      ] GC(2) User=0.01s Sys=0.00s Real=0.00s
[2024-11-15T09:48:31.607+0000][gc,marking  ] GC(2) Concurrent Mark 6.295ms
[2024-11-15T09:48:31.607+0000][gc,marking  ] GC(2) Concurrent Rebuild Remembered Sets and Scrub Regions
[2024-11-15T09:48:31.613+0000][gc,marking  ] GC(2) Concurrent Rebuild Remembered Sets and Scrub Regions 6.050ms
[2024-11-15T09:48:31.613+0000][gc,start    ] GC(2) Pause Cleanup
[2024-11-15T09:48:31.614+0000][gc          ] GC(2) Pause Cleanup 139M->139M(1024M) 0.179ms
[2024-11-15T09:48:31.614+0000][gc,cpu      ] GC(2) User=0.00s Sys=0.00s Real=0.00s
[2024-11-15T09:48:31.614+0000][gc,marking  ] GC(2) Concurrent Clear Claimed Marks
[2024-11-15T09:48:31.614+0000][gc,marking  ] GC(2) Concurrent Clear Claimed Marks 0.033ms
[2024-11-15T09:48:31.614+0000][gc,marking  ] GC(2) Concurrent Cleanup for Next Mark
[2024-11-15T09:48:31.620+0000][gc,marking  ] GC(2) Concurrent Cleanup for Next Mark 6.559ms
[2024-11-15T09:48:31.620+0000][gc          ] GC(2) Concurrent Mark Cycle 23.173ms
[2024-11-15T09:55:42.086+0000][gc,start    ] GC(3) Pause Young (Prepare Mixed) (G1 Evacuation Pause)
[2024-11-15T09:55:42.086+0000][gc,task     ] GC(3) Using 2 workers of 2 for evacuation
[2024-11-15T09:55:42.092+0000][gc,phases   ] GC(3)   Pre Evacuate Collection Set: 0.2ms
[2024-11-15T09:55:42.092+0000][gc,phases   ] GC(3)   Merge Heap Roots: 0.1ms
[2024-11-15T09:55:42.092+0000][gc,phases   ] GC(3)   Evacuate Collection Set: 5.3ms
[2024-11-15T09:55:42.092+0000][gc,phases   ] GC(3)   Post Evacuate Collection Set: 0.4ms
[2024-11-15T09:55:42.092+0000][gc,phases   ] GC(3)   Other: 0.1ms
[2024-11-15T09:55:42.093+0000][gc,heap     ] GC(3) Eden regions: 49->0(46)
[2024-11-15T09:55:42.093+0000][gc,heap     ] GC(3) Survivor regions: 2->5(7)
[2024-11-15T09:55:42.093+0000][gc,heap     ] GC(3) Old regions: 9->9
[2024-11-15T09:55:42.093+0000][gc,heap     ] GC(3) Humongous regions: 129->129
[2024-11-15T09:55:42.093+0000][gc,metaspace] GC(3) Metaspace: 33141K(33472K)->33141K(33472K) NonClass: 29323K(29504K)->29323K(29504K) Class: 3817K(3968K)->3817K(3968K)
[2024-11-15T09:55:42.093+0000][gc          ] GC(3) Pause Young (Prepare Mixed) (G1 Evacuation Pause) 187M->142M(1024M) 6.321ms
[2024-11-15T09:55:42.093+0000][gc,cpu      ] GC(3) User=0.01s Sys=0.00s Real=0.01s
[2024-11-15T10:00:56.714+0000][gc,start    ] GC(4) Pause Young (Mixed) (Metadata GC Threshold)
[2024-11-15T10:00:56.714+0000][gc,task     ] GC(4) Using 2 workers of 2 for evacuation
[2024-11-15T10:00:56.723+0000][gc,phases   ] GC(4)   Pre Evacuate Collection Set: 0.9ms
[2024-11-15T10:00:56.723+0000][gc,phases   ] GC(4)   Merge Heap Roots: 0.0ms
[2024-11-15T10:00:56.723+0000][gc,phases   ] GC(4)   Evacuate Collection Set: 7.4ms
[2024-11-15T10:00:56.723+0000][gc,phases   ] GC(4)   Post Evacuate Collection Set: 0.5ms
[2024-11-15T10:00:56.723+0000][gc,phases   ] GC(4)   Other: 0.2ms
[2024-11-15T10:00:56.723+0000][gc,heap     ] GC(4) Eden regions: 14->0(50)
[2024-11-15T10:00:56.723+0000][gc,heap     ] GC(4) Survivor regions: 5->1(7)
[2024-11-15T10:00:56.723+0000][gc,heap     ] GC(4) Old regions: 9->14
[2024-11-15T10:00:56.723+0000][gc,heap     ] GC(4) Humongous regions: 129->129
[2024-11-15T10:00:56.723+0000][gc,metaspace] GC(4) Metaspace: 35795K(36160K)->35795K(36160K) NonClass: 31546K(31744K)->31546K(31744K) Class: 4249K(4416K)->4249K(4416K)
[2024-11-15T10:00:56.724+0000][gc          ] GC(4) Pause Young (Mixed) (Metadata GC Threshold) 155M->143M(1024M) 9.732ms
[2024-11-15T10:00:56.724+0000][gc,cpu      ] GC(4) User=0.02s Sys=0.00s Real=0.01s
[2024-11-15T10:07:57.501+0000][gc,start    ] GC(5) Pause Young (Concurrent Start) (Metadata GC Threshold)
[2024-11-15T10:07:57.502+0000][gc,task     ] GC(5) Using 2 workers of 2 for evacuation
[2024-11-15T10:07:57.504+0000][gc,phases   ] GC(5)   Pre Evacuate Collection Set: 0.2ms
[2024-11-15T10:07:57.504+0000][gc,phases   ] GC(5)   Merge Heap Roots: 0.0ms
[2024-11-15T10:07:57.504+0000][gc,phases   ] GC(5)   Evacuate Collection Set: 1.8ms
[2024-11-15T10:07:57.504+0000][gc,phases   ] GC(5)   Post Evacuate Collection Set: 0.3ms
[2024-11-15T10:07:57.504+0000][gc,phases   ] GC(5)   Other: 0.1ms
[2024-11-15T10:07:57.504+0000][gc,heap     ] GC(5) Eden regions: 8->0(50)
[2024-11-15T10:07:57.504+0000][gc,heap     ] GC(5) Survivor regions: 1->1(7)
[2024-11-15T10:07:57.504+0000][gc,heap     ] GC(5) Old regions: 14->14
[2024-11-15T10:07:57.504+0000][gc,heap     ] GC(5) Humongous regions: 129->129
[2024-11-15T10:07:57.504+0000][gc,metaspace] GC(5) Metaspace: 36025K(36480K)->36025K(36480K) NonClass: 31753K(32000K)->31753K(32000K) Class: 4271K(4480K)->4271K(4480K)
[2024-11-15T10:07:57.504+0000][gc          ] GC(5) Pause Young (Concurrent Start) (Metadata GC Threshold) 151M->143M(1024M) 2.628ms
[2024-11-15T10:07:57.504+0000][gc,cpu      ] GC(5) User=0.01s Sys=0.00s Real=0.00s
[2024-11-15T10:07:57.504+0000][gc          ] GC(6) Concurrent Mark Cycle
[2024-11-15T10:07:57.504+0000][gc,marking  ] GC(6) Concurrent Scan Root Regions
[2024-11-15T10:07:57.505+0000][gc,marking  ] GC(6) Concurrent Scan Root Regions 1.202ms
[2024-11-15T10:07:57.505+0000][gc,marking  ] GC(6) Concurrent Mark
[2024-11-15T10:07:57.505+0000][gc,marking  ] GC(6) Concurrent Mark From Roots
[2024-11-15T10:07:57.505+0000][gc,task     ] GC(6) Using 1 workers of 1 for marking
[2024-11-15T10:07:57.518+0000][gc,marking  ] GC(6) Concurrent Mark From Roots 12.374ms
[2024-11-15T10:07:57.518+0000][gc,marking  ] GC(6) Concurrent Preclean
[2024-11-15T10:07:57.518+0000][gc,marking  ] GC(6) Concurrent Preclean 0.072ms
[2024-11-15T10:07:57.518+0000][gc,start    ] GC(6) Pause Remark
[2024-11-15T10:07:57.525+0000][gc          ] GC(6) Pause Remark 143M->143M(1024M) 6.645ms
[2024-11-15T10:07:57.525+0000][gc,cpu      ] GC(6) User=0.01s Sys=0.00s Real=0.01s
[2024-11-15T10:07:57.525+0000][gc,marking  ] GC(6) Concurrent Mark 19.645ms
[2024-11-15T10:07:57.525+0000][gc,marking  ] GC(6) Concurrent Rebuild Remembered Sets and Scrub Regions
[2024-11-15T10:07:57.532+0000][gc,marking  ] GC(6) Concurrent Rebuild Remembered Sets and Scrub Regions 6.524ms
[2024-11-15T10:07:57.532+0000][gc,start    ] GC(6) Pause Cleanup
[2024-11-15T10:07:57.532+0000][gc          ] GC(6) Pause Cleanup 143M->143M(1024M) 0.231ms
[2024-11-15T10:07:57.532+0000][gc,cpu      ] GC(6) User=0.00s Sys=0.00s Real=0.00s
[2024-11-15T10:07:57.532+0000][gc,marking  ] GC(6) Concurrent Clear Claimed Marks
[2024-11-15T10:07:57.532+0000][gc,marking  ] GC(6) Concurrent Clear Claimed Marks 0.030ms
[2024-11-15T10:07:57.532+0000][gc,marking  ] GC(6) Concurrent Cleanup for Next Mark
[2024-11-15T10:07:57.533+0000][gc,marking  ] GC(6) Concurrent Cleanup for Next Mark 0.899ms
[2024-11-15T10:07:57.533+0000][gc          ] GC(6) Concurrent Mark Cycle 28.961ms
[2024-11-15T10:28:34.531+0000][gc,start    ] GC(7) Pause Young (Prepare Mixed) (G1 Evacuation Pause)
[2024-11-15T10:28:34.531+0000][gc,task     ] GC(7) Using 2 workers of 2 for evacuation
[2024-11-15T10:28:34.536+0000][gc,phases   ] GC(7)   Pre Evacuate Collection Set: 0.2ms
[2024-11-15T10:28:34.536+0000][gc,phases   ] GC(7)   Merge Heap Roots: 0.1ms
[2024-11-15T10:28:34.536+0000][gc,phases   ] GC(7)   Evacuate Collection Set: 3.9ms
[2024-11-15T10:28:34.536+0000][gc,phases   ] GC(7)   Post Evacuate Collection Set: 0.4ms
[2024-11-15T10:28:34.536+0000][gc,phases   ] GC(7)   Other: 0.1ms
[2024-11-15T10:28:34.536+0000][gc,heap     ] GC(7) Eden regions: 50->0(48)
[2024-11-15T10:28:34.536+0000][gc,heap     ] GC(7) Survivor regions: 1->3(7)
[2024-11-15T10:28:34.536+0000][gc,heap     ] GC(7) Old regions: 14->14
[2024-11-15T10:28:34.536+0000][gc,heap     ] GC(7) Humongous regions: 129->129
[2024-11-15T10:28:34.536+0000][gc,metaspace] GC(7) Metaspace: 37254K(37632K)->37254K(37632K) NonClass: 32938K(33152K)->32938K(33152K) Class: 4316K(4480K)->4316K(4480K)
[2024-11-15T10:28:34.536+0000][gc          ] GC(7) Pause Young (Prepare Mixed) (G1 Evacuation Pause) 193M->144M(1024M) 4.827ms
[2024-11-15T10:28:34.536+0000][gc,cpu      ] GC(7) User=0.01s Sys=0.00s Real=0.00s
[2024-11-15T10:48:45.784+0000][gc,start    ] GC(8) Pause Young (Mixed) (G1 Evacuation Pause)
[2024-11-15T10:48:45.785+0000][gc,task     ] GC(8) Using 2 workers of 2 for evacuation
[2024-11-15T10:48:45.793+0000][gc,phases   ] GC(8)   Pre Evacuate Collection Set: 0.4ms
[2024-11-15T10:48:45.793+0000][gc,phases   ] GC(8)   Merge Heap Roots: 0.1ms
[2024-11-15T10:48:45.793+0000][gc,phases   ] GC(8)   Evacuate Collection Set: 7.2ms
[2024-11-15T10:48:45.793+0000][gc,phases   ] GC(8)   Post Evacuate Collection Set: 0.5ms
[2024-11-15T10:48:45.793+0000][gc,phases   ] GC(8)   Other: 0.1ms
[2024-11-15T10:48:45.793+0000][gc,heap     ] GC(8) Eden regions: 48->0(48)
[2024-11-15T10:48:45.793+0000][gc,heap     ] GC(8) Survivor regions: 3->3(7)
[2024-11-15T10:48:45.793+0000][gc,heap     ] GC(8) Old regions: 14->13
[2024-11-15T10:48:45.793+0000][gc,heap     ] GC(8) Humongous regions: 129->129
[2024-11-15T10:48:45.793+0000][gc,metaspace] GC(8) Metaspace: 37392K(37824K)->37392K(37824K) NonClass: 33067K(33344K)->33067K(33344K) Class: 4324K(4480K)->4324K(4480K)
[2024-11-15T10:48:45.793+0000][gc          ] GC(8) Pause Young (Mixed) (G1 Evacuation Pause) 192M->144M(1024M) 8.345ms
[2024-11-15T10:48:45.793+0000][gc,cpu      ] GC(8) User=0.01s Sys=0.00s Real=0.01s
