[2024-11-15T09:24:02.121+0000][gc,init] CardTable entry size: 512
[2024-11-15T09:24:02.121+0000][gc     ] Using G1
[2024-11-15T09:24:02.131+0000][gc,init] Version: 21.0.4+7-LTS (release)
[2024-11-15T09:24:02.131+0000][gc,init] CPUs: 2 total, 2 available
[2024-11-15T09:24:02.131+0000][gc,init] Memory: 7929M
[2024-11-15T09:24:02.131+0000][gc,init] Large Page Support: Disabled
[2024-11-15T09:24:02.131+0000][gc,init] NUMA Support: Disabled
[2024-11-15T09:24:02.131+0000][gc,init] Compressed Oops: Enabled (32-bit)
[2024-11-15T09:24:02.131+0000][gc,init] Heap Region Size: 1M
[2024-11-15T09:24:02.131+0000][gc,init] Heap Min Capacity: 1G
[2024-11-15T09:24:02.132+0000][gc,init] Heap Initial Capacity: 1G
[2024-11-15T09:24:02.132+0000][gc,init] Heap Max Capacity: 1G
[2024-11-15T09:24:02.132+0000][gc,init] Pre-touch: Disabled
[2024-11-15T09:24:02.132+0000][gc,init] Parallel Workers: 2
[2024-11-15T09:24:02.132+0000][gc,init] Concurrent Workers: 1
[2024-11-15T09:24:02.132+0000][gc,init] Concurrent Refinement Workers: 2
[2024-11-15T09:24:02.132+0000][gc,init] Periodic GC: Disabled
[2024-11-15T09:24:02.139+0000][gc,metaspace] CDS archive(s) mapped at: [0x0000753037000000-0x0000753037cae000-0x0000753037cae000), size 13295616, SharedBaseAddress: 0x0000753037000000, ArchiveRelocationMode: 1.
[2024-11-15T09:24:02.139+0000][gc,metaspace] Compressed class space mapped at: 0x0000753038000000-0x0000753078000000, reserved size: 1073741824
[2024-11-15T09:24:02.139+0000][gc,metaspace] Narrow klass base: 0x0000753037000000, Narrow klass shift: 0, Narrow klass range: 0x100000000
[2024-11-15T09:24:03.463+0000][gc,start    ] GC(0) Pause Young (Normal) (G1 Evacuation Pause)
[2024-11-15T09:24:03.463+0000][gc,task     ] GC(0) Using 2 workers of 2 for evacuation
[2024-11-15T09:24:03.471+0000][gc,phases   ] GC(0)   Pre Evacuate Collection Set: 0.1ms
[2024-11-15T09:24:03.471+0000][gc,phases   ] GC(0)   Merge Heap Roots: 0.1ms
[2024-11-15T09:24:03.471+0000][gc,phases   ] GC(0)   Evacuate Collection Set: 7.4ms
[2024-11-15T09:24:03.471+0000][gc,phases   ] GC(0)   Post Evacuate Collection Set: 0.6ms
[2024-11-15T09:24:03.471+0000][gc,phases   ] GC(0)   Other: 0.2ms
[2024-11-15T09:24:03.471+0000][gc,heap     ] GC(0) Eden regions: 51->0(44)
[2024-11-15T09:24:03.471+0000][gc,heap     ] GC(0) Survivor regions: 0->7(7)
[2024-11-15T09:24:03.472+0000][gc,heap     ] GC(0) Old regions: 2->3
[2024-11-15T09:24:03.472+0000][gc,heap     ] GC(0) Humongous regions: 0->0
[2024-11-15T09:24:03.472+0000][gc,metaspace] GC(0) Metaspace: 19870K(20032K)->19870K(20032K) NonClass: 17329K(17408K)->17329K(17408K) Class: 2541K(2624K)->2541K(2624K)
[2024-11-15T09:24:03.472+0000][gc          ] GC(0) Pause Young (Normal) (G1 Evacuation Pause) 52M->8M(1024M) 9.208ms
[2024-11-15T09:24:03.472+0000][gc,cpu      ] GC(0) User=0.01s Sys=0.00s Real=0.01s
[2024-11-15T09:24:03.572+0000][gc,start    ] GC(1) Pause Young (Concurrent Start) (Metadata GC Threshold)
[2024-11-15T09:24:03.572+0000][gc,task     ] GC(1) Using 2 workers of 2 for evacuation
[2024-11-15T09:24:03.579+0000][gc,phases   ] GC(1)   Pre Evacuate Collection Set: 0.1ms
[2024-11-15T09:24:03.579+0000][gc,phases   ] GC(1)   Merge Heap Roots: 0.0ms
[2024-11-15T09:24:03.579+0000][gc,phases   ] GC(1)   Evacuate Collection Set: 6.0ms
[2024-11-15T09:24:03.579+0000][gc,phases   ] GC(1)   Post Evacuate Collection Set: 0.3ms
[2024-11-15T09:24:03.579+0000][gc,phases   ] GC(1)   Other: 0.1ms
[2024-11-15T09:24:03.579+0000][gc,heap     ] GC(1) Eden regions: 6->0(50)
[2024-11-15T09:24:03.579+0000][gc,heap     ] GC(1) Survivor regions: 7->1(7)
[2024-11-15T09:24:03.579+0000][gc,heap     ] GC(1) Old regions: 3->9
[2024-11-15T09:24:03.579+0000][gc,heap     ] GC(1) Humongous regions: 129->129
[2024-11-15T09:24:03.579+0000][gc,metaspace] GC(1) Metaspace: 21301K(21504K)->21301K(21504K) NonClass: 18561K(18688K)->18561K(18688K) Class: 2740K(2816K)->2740K(2816K)
[2024-11-15T09:24:03.579+0000][gc          ] GC(1) Pause Young (Concurrent Start) (Metadata GC Threshold) 143M->138M(1024M) 6.930ms
[2024-11-15T09:24:03.579+0000][gc,cpu      ] GC(1) User=0.01s Sys=0.00s Real=0.00s
[2024-11-15T09:24:03.579+0000][gc          ] GC(2) Concurrent Mark Cycle
[2024-11-15T09:24:03.579+0000][gc,marking  ] GC(2) Concurrent Scan Root Regions
[2024-11-15T09:24:03.583+0000][gc,marking  ] GC(2) Concurrent Scan Root Regions 3.442ms
[2024-11-15T09:24:03.583+0000][gc,marking  ] GC(2) Concurrent Mark
[2024-11-15T09:24:03.583+0000][gc,marking  ] GC(2) Concurrent Mark From Roots
[2024-11-15T09:24:03.583+0000][gc,task     ] GC(2) Using 1 workers of 1 for marking
[2024-11-15T09:24:03.590+0000][gc,marking  ] GC(2) Concurrent Mark From Roots 7.412ms
[2024-11-15T09:24:03.590+0000][gc,marking  ] GC(2) Concurrent Preclean
[2024-11-15T09:24:03.590+0000][gc,marking  ] GC(2) Concurrent Preclean 0.029ms
[2024-11-15T09:24:03.591+0000][gc,start    ] GC(2) Pause Remark
[2024-11-15T09:24:03.595+0000][gc          ] GC(2) Pause Remark 138M->138M(1024M) 4.064ms
[2024-11-15T09:24:03.595+0000][gc,cpu      ] GC(2) User=0.01s Sys=0.00s Real=0.00s
[2024-11-15T09:24:03.596+0000][gc,marking  ] GC(2) Concurrent Mark 12.869ms
[2024-11-15T09:24:03.596+0000][gc,marking  ] GC(2) Concurrent Rebuild Remembered Sets and Scrub Regions
[2024-11-15T09:24:03.599+0000][gc,marking  ] GC(2) Concurrent Rebuild Remembered Sets and Scrub Regions 3.341ms
[2024-11-15T09:24:03.599+0000][gc,start    ] GC(2) Pause Cleanup
[2024-11-15T09:24:03.600+0000][gc          ] GC(2) Pause Cleanup 139M->139M(1024M) 0.135ms
[2024-11-15T09:24:03.600+0000][gc,cpu      ] GC(2) User=0.00s Sys=0.00s Real=0.00s
[2024-11-15T09:24:03.600+0000][gc,marking  ] GC(2) Concurrent Clear Claimed Marks
[2024-11-15T09:24:03.600+0000][gc,marking  ] GC(2) Concurrent Clear Claimed Marks 0.023ms
[2024-11-15T09:24:03.600+0000][gc,marking  ] GC(2) Concurrent Cleanup for Next Mark
[2024-11-15T09:24:03.605+0000][gc,marking  ] GC(2) Concurrent Cleanup for Next Mark 5.165ms
[2024-11-15T09:24:03.605+0000][gc          ] GC(2) Concurrent Mark Cycle 25.538ms
[2024-11-15T09:35:08.203+0000][gc,start    ] GC(3) Pause Young (Prepare Mixed) (G1 Evacuation Pause)
[2024-11-15T09:35:08.205+0000][gc,task     ] GC(3) Using 2 workers of 2 for evacuation
[2024-11-15T09:35:08.211+0000][gc,phases   ] GC(3)   Pre Evacuate Collection Set: 0.2ms
[2024-11-15T09:35:08.211+0000][gc,phases   ] GC(3)   Merge Heap Roots: 0.1ms
[2024-11-15T09:35:08.211+0000][gc,phases   ] GC(3)   Evacuate Collection Set: 5.2ms
[2024-11-15T09:35:08.211+0000][gc,phases   ] GC(3)   Post Evacuate Collection Set: 0.4ms
[2024-11-15T09:35:08.211+0000][gc,phases   ] GC(3)   Other: 0.1ms
[2024-11-15T09:35:08.211+0000][gc,heap     ] GC(3) Eden regions: 50->0(46)
[2024-11-15T09:35:08.211+0000][gc,heap     ] GC(3) Survivor regions: 1->5(7)
[2024-11-15T09:35:08.211+0000][gc,heap     ] GC(3) Old regions: 9->9
[2024-11-15T09:35:08.211+0000][gc,heap     ] GC(3) Humongous regions: 129->129
[2024-11-15T09:35:08.211+0000][gc,metaspace] GC(3) Metaspace: 33177K(33536K)->33177K(33536K) NonClass: 29357K(29568K)->29357K(29568K) Class: 3820K(3968K)->3820K(3968K)
[2024-11-15T09:35:08.211+0000][gc          ] GC(3) Pause Young (Prepare Mixed) (G1 Evacuation Pause) 188M->141M(1024M) 8.033ms
[2024-11-15T09:35:08.211+0000][gc,cpu      ] GC(3) User=0.02s Sys=0.00s Real=0.01s
[2024-11-15T09:41:39.637+0000][gc,heap,exit] Heap
[2024-11-15T09:41:39.638+0000][gc,heap,exit]  garbage-first heap   total 1048576K, used 160398K [0x00000000c0000000, 0x0000000100000000)
[2024-11-15T09:41:39.638+0000][gc,heap,exit]   region size 1024K, 20 young (20480K), 5 survivors (5120K)
[2024-11-15T09:41:39.638+0000][gc,heap,exit]  Metaspace       used 33964K, committed 34304K, reserved 1114112K
[2024-11-15T09:41:39.638+0000][gc,heap,exit]   class space    used 3940K, committed 4096K, reserved 1048576K
