[2024-11-15T09:43:09.831+0000][gc,init] CardTable entry size: 512
[2024-11-15T09:43:09.831+0000][gc     ] Using G1
[2024-11-15T09:43:09.843+0000][gc,init] Version: 21.0.4+7-LTS (release)
[2024-11-15T09:43:09.843+0000][gc,init] CPUs: 2 total, 2 available
[2024-11-15T09:43:09.843+0000][gc,init] Memory: 7929M
[2024-11-15T09:43:09.843+0000][gc,init] Large Page Support: Disabled
[2024-11-15T09:43:09.843+0000][gc,init] NUMA Support: Disabled
[2024-11-15T09:43:09.843+0000][gc,init] Compressed Oops: Enabled (32-bit)
[2024-11-15T09:43:09.843+0000][gc,init] Heap Region Size: 1M
[2024-11-15T09:43:09.843+0000][gc,init] Heap Min Capacity: 1G
[2024-11-15T09:43:09.844+0000][gc,init] Heap Initial Capacity: 1G
[2024-11-15T09:43:09.844+0000][gc,init] Heap Max Capacity: 1G
[2024-11-15T09:43:09.844+0000][gc,init] Pre-touch: Disabled
[2024-11-15T09:43:09.844+0000][gc,init] Parallel Workers: 2
[2024-11-15T09:43:09.844+0000][gc,init] Concurrent Workers: 1
[2024-11-15T09:43:09.844+0000][gc,init] Concurrent Refinement Workers: 2
[2024-11-15T09:43:09.844+0000][gc,init] Periodic GC: Disabled
[2024-11-15T09:43:09.851+0000][gc,metaspace] CDS archive(s) mapped at: [0x00007290c3000000-0x00007290c3cae000-0x00007290c3cae000), size 13295616, SharedBaseAddress: 0x00007290c3000000, ArchiveRelocationMode: 1.
[2024-11-15T09:43:09.851+0000][gc,metaspace] Compressed class space mapped at: 0x00007290c4000000-0x0000729104000000, reserved size: 1073741824
[2024-11-15T09:43:09.851+0000][gc,metaspace] Narrow klass base: 0x00007290c3000000, Narrow klass shift: 0, Narrow klass range: 0x100000000
[2024-11-15T09:43:11.214+0000][gc,start    ] GC(0) Pause Young (Normal) (G1 Evacuation Pause)
[2024-11-15T09:43:11.214+0000][gc,task     ] GC(0) Using 2 workers of 2 for evacuation
[2024-11-15T09:43:11.221+0000][gc,phases   ] GC(0)   Pre Evacuate Collection Set: 0.1ms
[2024-11-15T09:43:11.221+0000][gc,phases   ] GC(0)   Merge Heap Roots: 0.1ms
[2024-11-15T09:43:11.221+0000][gc,phases   ] GC(0)   Evacuate Collection Set: 6.2ms
[2024-11-15T09:43:11.221+0000][gc,phases   ] GC(0)   Post Evacuate Collection Set: 0.3ms
[2024-11-15T09:43:11.221+0000][gc,phases   ] GC(0)   Other: 0.2ms
[2024-11-15T09:43:11.221+0000][gc,heap     ] GC(0) Eden regions: 51->0(44)
[2024-11-15T09:43:11.221+0000][gc,heap     ] GC(0) Survivor regions: 0->7(7)
[2024-11-15T09:43:11.221+0000][gc,heap     ] GC(0) Old regions: 2->2
[2024-11-15T09:43:11.221+0000][gc,heap     ] GC(0) Humongous regions: 0->0
[2024-11-15T09:43:11.221+0000][gc,metaspace] GC(0) Metaspace: 19877K(20096K)->19877K(20096K) NonClass: 17330K(17472K)->17330K(17472K) Class: 2546K(2624K)->2546K(2624K)
[2024-11-15T09:43:11.221+0000][gc          ] GC(0) Pause Young (Normal) (G1 Evacuation Pause) 52M->7M(1024M) 7.196ms
[2024-11-15T09:43:11.221+0000][gc,cpu      ] GC(0) User=0.01s Sys=0.00s Real=0.01s
[2024-11-15T09:43:11.321+0000][gc,start    ] GC(1) Pause Young (Concurrent Start) (Metadata GC Threshold)
[2024-11-15T09:43:11.321+0000][gc,task     ] GC(1) Using 2 workers of 2 for evacuation
[2024-11-15T09:43:11.331+0000][gc,phases   ] GC(1)   Pre Evacuate Collection Set: 0.2ms
[2024-11-15T09:43:11.331+0000][gc,phases   ] GC(1)   Merge Heap Roots: 0.0ms
[2024-11-15T09:43:11.331+0000][gc,phases   ] GC(1)   Evacuate Collection Set: 8.8ms
[2024-11-15T09:43:11.331+0000][gc,phases   ] GC(1)   Post Evacuate Collection Set: 0.3ms
[2024-11-15T09:43:11.331+0000][gc,phases   ] GC(1)   Other: 0.1ms
[2024-11-15T09:43:11.331+0000][gc,heap     ] GC(1) Eden regions: 6->0(49)
[2024-11-15T09:43:11.331+0000][gc,heap     ] GC(1) Survivor regions: 7->2(7)
[2024-11-15T09:43:11.331+0000][gc,heap     ] GC(1) Old regions: 2->9
[2024-11-15T09:43:11.331+0000][gc,heap     ] GC(1) Humongous regions: 129->129
[2024-11-15T09:43:11.331+0000][gc,metaspace] GC(1) Metaspace: 21230K(21504K)->21230K(21504K) NonClass: 18490K(18624K)->18490K(18624K) Class: 2740K(2880K)->2740K(2880K)
[2024-11-15T09:43:11.331+0000][gc          ] GC(1) Pause Young (Concurrent Start) (Metadata GC Threshold) 142M->138M(1024M) 9.674ms
[2024-11-15T09:43:11.331+0000][gc,cpu      ] GC(1) User=0.01s Sys=0.00s Real=0.01s
[2024-11-15T09:43:11.331+0000][gc          ] GC(2) Concurrent Mark Cycle
[2024-11-15T09:43:11.331+0000][gc,marking  ] GC(2) Concurrent Scan Root Regions
[2024-11-15T09:43:11.335+0000][gc,marking  ] GC(2) Concurrent Scan Root Regions 3.887ms
[2024-11-15T09:43:11.335+0000][gc,marking  ] GC(2) Concurrent Mark
[2024-11-15T09:43:11.335+0000][gc,marking  ] GC(2) Concurrent Mark From Roots
[2024-11-15T09:43:11.335+0000][gc,task     ] GC(2) Using 1 workers of 1 for marking
[2024-11-15T09:43:11.338+0000][gc,marking  ] GC(2) Concurrent Mark From Roots 3.551ms
[2024-11-15T09:43:11.339+0000][gc,marking  ] GC(2) Concurrent Preclean
[2024-11-15T09:43:11.339+0000][gc,marking  ] GC(2) Concurrent Preclean 0.023ms
[2024-11-15T09:43:11.339+0000][gc,start    ] GC(2) Pause Remark
[2024-11-15T09:43:11.341+0000][gc          ] GC(2) Pause Remark 139M->139M(1024M) 2.639ms
[2024-11-15T09:43:11.341+0000][gc,cpu      ] GC(2) User=0.00s Sys=0.00s Real=0.01s
[2024-11-15T09:43:11.341+0000][gc,marking  ] GC(2) Concurrent Mark 6.548ms
[2024-11-15T09:43:11.341+0000][gc,marking  ] GC(2) Concurrent Rebuild Remembered Sets and Scrub Regions
[2024-11-15T09:43:11.344+0000][gc,marking  ] GC(2) Concurrent Rebuild Remembered Sets and Scrub Regions 2.981ms
[2024-11-15T09:43:11.345+0000][gc,start    ] GC(2) Pause Cleanup
[2024-11-15T09:43:11.345+0000][gc          ] GC(2) Pause Cleanup 139M->139M(1024M) 0.129ms
[2024-11-15T09:43:11.345+0000][gc,cpu      ] GC(2) User=0.00s Sys=0.00s Real=0.00s
[2024-11-15T09:43:11.345+0000][gc,marking  ] GC(2) Concurrent Clear Claimed Marks
[2024-11-15T09:43:11.345+0000][gc,marking  ] GC(2) Concurrent Clear Claimed Marks 0.020ms
[2024-11-15T09:43:11.345+0000][gc,marking  ] GC(2) Concurrent Cleanup for Next Mark
[2024-11-15T09:43:11.350+0000][gc,marking  ] GC(2) Concurrent Cleanup for Next Mark 4.936ms
[2024-11-15T09:43:11.350+0000][gc          ] GC(2) Concurrent Mark Cycle 18.845ms
[2024-11-15T09:47:54.045+0000][gc,start    ] GC(3) Pause Young (Prepare Mixed) (G1 Evacuation Pause)
[2024-11-15T09:47:54.045+0000][gc,task     ] GC(3) Using 2 workers of 2 for evacuation
[2024-11-15T09:47:54.051+0000][gc,phases   ] GC(3)   Pre Evacuate Collection Set: 0.2ms
[2024-11-15T09:47:54.051+0000][gc,phases   ] GC(3)   Merge Heap Roots: 0.1ms
[2024-11-15T09:47:54.051+0000][gc,phases   ] GC(3)   Evacuate Collection Set: 5.3ms
[2024-11-15T09:47:54.051+0000][gc,phases   ] GC(3)   Post Evacuate Collection Set: 0.5ms
[2024-11-15T09:47:54.052+0000][gc,phases   ] GC(3)   Other: 0.1ms
[2024-11-15T09:47:54.052+0000][gc,heap     ] GC(3) Eden regions: 49->0(46)
[2024-11-15T09:47:54.052+0000][gc,heap     ] GC(3) Survivor regions: 2->5(7)
[2024-11-15T09:47:54.052+0000][gc,heap     ] GC(3) Old regions: 9->9
[2024-11-15T09:47:54.052+0000][gc,heap     ] GC(3) Humongous regions: 129->129
[2024-11-15T09:47:54.052+0000][gc,metaspace] GC(3) Metaspace: 33132K(33472K)->33132K(33472K) NonClass: 29311K(29504K)->29311K(29504K) Class: 3821K(3968K)->3821K(3968K)
[2024-11-15T09:47:54.052+0000][gc          ] GC(3) Pause Young (Prepare Mixed) (G1 Evacuation Pause) 187M->142M(1024M) 6.365ms
[2024-11-15T09:47:54.052+0000][gc,cpu      ] GC(3) User=0.01s Sys=0.00s Real=0.01s
[2024-11-15T09:47:56.263+0000][gc,heap,exit] Heap
[2024-11-15T09:47:56.263+0000][gc,heap,exit]  garbage-first heap   total 1048576K, used 155633K [0x00000000c0000000, 0x0000000100000000)
[2024-11-15T09:47:56.263+0000][gc,heap,exit]   region size 1024K, 15 young (15360K), 5 survivors (5120K)
[2024-11-15T09:47:56.263+0000][gc,heap,exit]  Metaspace       used 33784K, committed 34112K, reserved 1114112K
[2024-11-15T09:47:56.263+0000][gc,heap,exit]   class space    used 3939K, committed 4096K, reserved 1048576K
