[2024-11-14T12:48:43.029+0000][gc,init] CardTable entry size: 512
[2024-11-14T12:48:43.029+0000][gc     ] Using G1
[2024-11-14T12:48:43.033+0000][gc,init] Version: 21.0.4+7-LTS (release)
[2024-11-14T12:48:43.033+0000][gc,init] CPUs: 2 total, 2 available
[2024-11-14T12:48:43.033+0000][gc,init] Memory: 7928M
[2024-11-14T12:48:43.033+0000][gc,init] Large Page Support: Disabled
[2024-11-14T12:48:43.033+0000][gc,init] NUMA Support: Disabled
[2024-11-14T12:48:43.033+0000][gc,init] Compressed Oops: Enabled (32-bit)
[2024-11-14T12:48:43.033+0000][gc,init] Heap Region Size: 1M
[2024-11-14T12:48:43.033+0000][gc,init] Heap Min Capacity: 512M
[2024-11-14T12:48:43.033+0000][gc,init] Heap Initial Capacity: 512M
[2024-11-14T12:48:43.033+0000][gc,init] Heap Max Capacity: 512M
[2024-11-14T12:48:43.033+0000][gc,init] Pre-touch: Disabled
[2024-11-14T12:48:43.033+0000][gc,init] Parallel Workers: 2
[2024-11-14T12:48:43.033+0000][gc,init] Concurrent Workers: 1
[2024-11-14T12:48:43.033+0000][gc,init] Concurrent Refinement Workers: 2
[2024-11-14T12:48:43.033+0000][gc,init] Periodic GC: Disabled
[2024-11-14T12:48:43.039+0000][gc,metaspace] CDS archive(s) mapped at: [0x00007c6e9f000000-0x00007c6e9fcae000-0x00007c6e9fcae000), size 13295616, SharedBaseAddress: 0x00007c6e9f000000, ArchiveRelocationMode: 1.
[2024-11-14T12:48:43.039+0000][gc,metaspace] Compressed class space mapped at: 0x00007c6ea0000000-0x00007c6ee0000000, reserved size: 1073741824
[2024-11-14T12:48:43.039+0000][gc,metaspace] Narrow klass base: 0x00007c6e9f000000, Narrow klass shift: 0, Narrow klass range: 0x100000000
[2024-11-14T12:48:43.532+0000][gc,heap,exit] Heap
[2024-11-14T12:48:43.532+0000][gc,heap,exit]  garbage-first heap   total 524288K, used 17438K [0x00000000e0000000, 0x0000000100000000)
[2024-11-14T12:48:43.532+0000][gc,heap,exit]   region size 1024K, 16 young (16384K), 0 survivors (0K)
[2024-11-14T12:48:43.532+0000][gc,heap,exit]  Metaspace       used 6662K, committed 6912K, reserved 1114112K
[2024-11-14T12:48:43.532+0000][gc,heap,exit]   class space    used 702K, committed 832K, reserved 1048576K
